[browser] Image with src "/sm-image.png" has either width or height modified, but not the other. If you use CSS to change the size of your image, also include the styles 'width: "auto"' or 'height: "auto"' to maintain the aspect ratio.
[browser] Detected `scroll-behavior: smooth` on the `<html>` element. To disable smooth scrolling during route transitions, add `data-scroll-behavior="smooth"` to your <html> element. Learn more: https://nextjs.org/docs/messages/missing-data-scroll-behavior
⨯ ./app/login/LoginForm.tsx:167:11
Expression expected
  [90m165 |[0m           <div>
  [90m166 |[0m             <[33mArrow[0m
[31m[1m>[0m [90m167 |[0m           </div>
  [90m    |[0m           [31m[1m^[0m
  [90m168 |[0m         </[33mCardContent[0m>
  [90m169 |[0m       </[33mCard[0m>
  [90m170 |[0m     </div>

Parsing ecmascript source code failed

Import trace:
  Server Component:
    ./app/login/LoginForm.tsx
    ./app/login/page.tsx



./app/login/LoginForm.tsx:167:12
Unterminated regexp literal
  [90m165 |[0m           <div>
  [90m166 |[0m             <[33mArrow[0m
[31m[1m>[0m [90m167 |[0m           </div>
  [90m    |[0m            [31m[1m^^^^^[0m
  [90m168 |[0m         </[33mCardContent[0m>
  [90m169 |[0m       </[33mCard[0m>
  [90m170 |[0m     </div>

Parsing ecmascript source code failed

Import trace:
  Server Component:
    ./app/login/LoginForm.tsx
    ./app/login/page.tsx


⨯ ./app/login/LoginForm.tsx:167:11
Expression expected
  [90m165 |[0m           <div>
  [90m166 |[0m             <[33mArrow[0m
[31m[1m>[0m [90m167 |[0m           </div>
  [90m    |[0m           [31m[1m^[0m
  [90m168 |[0m         </[33mCardContent[0m>
  [90m169 |[0m       </[33mCard[0m>
  [90m170 |[0m     </div>

Parsing ecmascript source code failed

Import trace:
  Server Component:
    ./app/login/LoginForm.tsx
    ./app/login/page.tsx



./app/login/LoginForm.tsx:167:12
Unterminated regexp literal
  [90m165 |[0m           <div>
  [90m166 |[0m             <[33mArrow[0m
[31m[1m>[0m [90m167 |[0m           </div>
  [90m    |[0m            [31m[1m^^^^^[0m
  [90m168 |[0m         </[33mCardContent[0m>
  [90m169 |[0m       </[33mCard[0m>
  [90m170 |[0m     </div>

Parsing ecmascript source code failed

Import trace:
  Server Component:
    ./app/login/LoginForm.tsx
    ./app/login/page.tsx


⨯ ./app/login/LoginForm.tsx:167:11
Expression expected
  [90m165 |[0m           <div>
  [90m166 |[0m             <[33mArrow[0m
[31m[1m>[0m [90m167 |[0m           </div>
  [90m    |[0m           [31m[1m^[0m
  [90m168 |[0m         </[33mCardContent[0m>
  [90m169 |[0m       </[33mCard[0m>
  [90m170 |[0m     </div>

Parsing ecmascript source code failed

Import trace:
  Server Component:
    ./app/login/LoginForm.tsx
    ./app/login/page.tsx



./app/login/LoginForm.tsx:167:12
Unterminated regexp literal
  [90m165 |[0m           <div>
  [90m166 |[0m             <[33mArrow[0m
[31m[1m>[0m [90m167 |[0m           </div>
  [90m    |[0m            [31m[1m^^^^^[0m
  [90m168 |[0m         </[33mCardContent[0m>
  [90m169 |[0m       </[33mCard[0m>
  [90m170 |[0m     </div>

Parsing ecmascript source code failed

Import trace:
  Server Component:
    ./app/login/LoginForm.tsx
    ./app/login/page.tsx


[browser] ./app/login/LoginForm.tsx:167:11
Expression expected
  165 |           <div>
  166 |             <Arrow
> 167 |           </div>
      |           ^
  168 |         </CardContent>
  169 |       </Card>
  170 |     </div>

Parsing ecmascript source code failed

Import trace:
  Server Component:
    ./app/login/LoginForm.tsx
    ./app/login/page.tsx 
[browser] ./app/login/LoginForm.tsx:167:12
Unterminated regexp literal
  165 |           <div>
  166 |             <Arrow
> 167 |           </div>
      |            ^^^^^
  168 |         </CardContent>
  169 |       </Card>
  170 |     </div>

Parsing ecmascript source code failed

Import trace:
  Server Component:
    ./app/login/LoginForm.tsx
    ./app/login/page.tsx 
[browser] ./app/login/LoginForm.tsx:167:11
Expression expected
  165 |           <div>
  166 |             <Arrow
> 167 |           </div>
      |           ^
  168 |         </CardContent>
  169 |       </Card>
  170 |     </div>

Parsing ecmascript source code failed

Import trace:
  Server Component:
    ./app/login/LoginForm.tsx
    ./app/login/page.tsx 
[browser] ./app/login/LoginForm.tsx:167:12
Unterminated regexp literal
  165 |           <div>
  166 |             <Arrow
> 167 |           </div>
      |            ^^^^^
  168 |         </CardContent>
  169 |       </Card>
  170 |     </div>

Parsing ecmascript source code failed

Import trace:
  Server Component:
    ./app/login/LoginForm.tsx
    ./app/login/page.tsx 
⨯ ./app/login/LoginForm.tsx:167:11
Expression expected
  [90m165 |[0m           <div>
  [90m166 |[0m             <[33mArrow[0m
[31m[1m>[0m [90m167 |[0m           </div>
  [90m    |[0m           [31m[1m^[0m
  [90m168 |[0m         </[33mCardContent[0m>
  [90m169 |[0m       </[33mCard[0m>
  [90m170 |[0m     </div>

Parsing ecmascript source code failed

Import trace:
  Server Component:
    ./app/login/LoginForm.tsx
    ./app/login/page.tsx



./app/login/LoginForm.tsx:167:12
Unterminated regexp literal
  [90m165 |[0m           <div>
  [90m166 |[0m             <[33mArrow[0m
[31m[1m>[0m [90m167 |[0m           </div>
  [90m    |[0m            [31m[1m^^^^^[0m
  [90m168 |[0m         </[33mCardContent[0m>
  [90m169 |[0m       </[33mCard[0m>
  [90m170 |[0m     </div>

Parsing ecmascript source code failed

Import trace:
  Server Component:
    ./app/login/LoginForm.tsx
    ./app/login/page.tsx


⨯ ./app/login/LoginForm.tsx:167:11
Expression expected
  [90m165 |[0m           <div>
  [90m166 |[0m             <[33mArrow[0m
[31m[1m>[0m [90m167 |[0m           </div>
  [90m    |[0m           [31m[1m^[0m
  [90m168 |[0m         </[33mCardContent[0m>
  [90m169 |[0m       </[33mCard[0m>
  [90m170 |[0m     </div>

Parsing ecmascript source code failed

Import trace:
  Server Component:
    ./app/login/LoginForm.tsx
    ./app/login/page.tsx



./app/login/LoginForm.tsx:167:12
Unterminated regexp literal
  [90m165 |[0m           <div>
  [90m166 |[0m             <[33mArrow[0m
[31m[1m>[0m [90m167 |[0m           </div>
  [90m    |[0m            [31m[1m^^^^^[0m
  [90m168 |[0m         </[33mCardContent[0m>
  [90m169 |[0m       </[33mCard[0m>
  [90m170 |[0m     </div>

Parsing ecmascript source code failed

Import trace:
  Server Component:
    ./app/login/LoginForm.tsx
    ./app/login/page.tsx


⨯ ./app/login/LoginForm.tsx:167:11
Expression expected
  [90m165 |[0m           <div>
  [90m166 |[0m             <[33mArrow[0m
[31m[1m>[0m [90m167 |[0m           </div>
  [90m    |[0m           [31m[1m^[0m
  [90m168 |[0m         </[33mCardContent[0m>
  [90m169 |[0m       </[33mCard[0m>
  [90m170 |[0m     </div>

Parsing ecmascript source code failed

Import trace:
  Server Component:
    ./app/login/LoginForm.tsx
    ./app/login/page.tsx



./app/login/LoginForm.tsx:167:12
Unterminated regexp literal
  [90m165 |[0m           <div>
  [90m166 |[0m             <[33mArrow[0m
[31m[1m>[0m [90m167 |[0m           </div>
  [90m    |[0m            [31m[1m^^^^^[0m
  [90m168 |[0m         </[33mCardContent[0m>
  [90m169 |[0m       </[33mCard[0m>
  [90m170 |[0m     </div>

Parsing ecmascript source code failed

Import trace:
  Server Component:
    ./app/login/LoginForm.tsx
    ./app/login/page.tsx


[browser] ./app/login/LoginForm.tsx:167:11
Expression expected
  165 |           <div>
  166 |             <Arrow
> 167 |           </div>
      |           ^
  168 |         </CardContent>
  169 |       </Card>
  170 |     </div>

Parsing ecmascript source code failed

Import trace:
  Server Component:
    ./app/login/LoginForm.tsx
    ./app/login/page.tsx 
[browser] ./app/login/LoginForm.tsx:167:12
Unterminated regexp literal
  165 |           <div>
  166 |             <Arrow
> 167 |           </div>
      |            ^^^^^
  168 |         </CardContent>
  169 |       </Card>
  170 |     </div>

Parsing ecmascript source code failed

Import trace:
  Server Component:
    ./app/login/LoginForm.tsx
    ./app/login/page.tsx 
[browser] Uncaught Error: ./app/login/LoginForm.tsx:167:11
Expression expected
  165 |           <div>
  166 |             <Arrow
> 167 |           </div>
      |           ^
  168 |         </CardContent>
  169 |       </Card>
  170 |     </div>

Parsing ecmascript source code failed

Import trace:
  Server Component:
    ./app/login/LoginForm.tsx
    ./app/login/page.tsx


    at <unknown> (Error: ./app/login/LoginForm.tsx:167:11)
    at <unknown> (Error: (./app/login/LoginForm.tsx:167:11)
[browser] ./app/login/LoginForm.tsx:167:11
Expression expected
  165 |           <div>
  166 |             <Arrow
> 167 |           </div>
      |           ^
  168 |         </CardContent>
  169 |       </Card>
  170 |     </div>

Parsing ecmascript source code failed

Import trace:
  Server Component:
    ./app/login/LoginForm.tsx
    ./app/login/page.tsx 
[browser] ./app/login/LoginForm.tsx:167:12
Unterminated regexp literal
  165 |           <div>
  166 |             <Arrow
> 167 |           </div>
      |            ^^^^^
  168 |         </CardContent>
  169 |       </Card>
  170 |     </div>

Parsing ecmascript source code failed

Import trace:
  Server Component:
    ./app/login/LoginForm.tsx
    ./app/login/page.tsx 
[browser] Uncaught Error: ./app/login/LoginForm.tsx:167:11
Expression expected
  165 |           <div>
  166 |             <Arrow
> 167 |           </div>
      |           ^
  168 |         </CardContent>
  169 |       </Card>
  170 |     </div>

Parsing ecmascript source code failed

Import trace:
  Server Component:
    ./app/login/LoginForm.tsx
    ./app/login/page.tsx


    at <unknown> (Error: ./app/login/LoginForm.tsx:167:11)
    at <unknown> (Error: (./app/login/LoginForm.tsx:167:11)
[browser] ./app/login/LoginForm.tsx:167:11
Expression expected
  165 |           <div>
  166 |             <Arrow
> 167 |           </div>
      |           ^
  168 |         </CardContent>
  169 |       </Card>
  170 |     </div>

Parsing ecmascript source code failed

Import trace:
  Server Component:
    ./app/login/LoginForm.tsx
    ./app/login/page.tsx 
[browser] ./app/login/LoginForm.tsx:167:12
Unterminated regexp literal
  165 |           <div>
  166 |             <Arrow
> 167 |           </div>
      |            ^^^^^
  168 |         </CardContent>
  169 |       </Card>
  170 |     </div>

Parsing ecmascript source code failed

Import trace:
  Server Component:
    ./app/login/LoginForm.tsx
    ./app/login/page.tsx 
[browser] ./app/login/LoginForm.tsx:167:11
Expression expected
  165 |           <div>
  166 |             <Arrow
> 167 |           </div>
      |           ^
  168 |         </CardContent>
  169 |       </Card>
  170 |     </div>

Parsing ecmascript source code failed

Import trace:
  Server Component:
    ./app/login/LoginForm.tsx
    ./app/login/page.tsx 
[browser] ./app/login/LoginForm.tsx:167:12
Unterminated regexp literal
  165 |           <div>
  166 |             <Arrow
> 167 |           </div>
      |            ^^^^^
  168 |         </CardContent>
  169 |       </Card>
  170 |     </div>

Parsing ecmascript source code failed

Import trace:
  Server Component:
    ./app/login/LoginForm.tsx
    ./app/login/page.tsx 
[browser] ./app/login/LoginForm.tsx:167:11
Expression expected
  165 |           <div>
  166 |             <ArrowNa
> 167 |           </div>
      |           ^
  168 |         </CardContent>
  169 |       </Card>
  170 |     </div>

Parsing ecmascript source code failed

Import trace:
  Server Component:
    ./app/login/LoginForm.tsx
    ./app/login/page.tsx 
[browser] ./app/login/LoginForm.tsx:167:12
Unterminated regexp literal
  165 |           <div>
  166 |             <ArrowNa
> 167 |           </div>
      |            ^^^^^
  168 |         </CardContent>
  169 |       </Card>
  170 |     </div>

Parsing ecmascript source code failed

Import trace:
  Server Component:
    ./app/login/LoginForm.tsx
    ./app/login/page.tsx 
[browser] ./app/login/LoginForm.tsx:167:11
Expression expected
  165 |           <div>
  166 |             <ArrowBack
> 167 |           </div>
      |           ^
  168 |         </CardContent>
  169 |       </Card>
  170 |     </div>

Parsing ecmascript source code failed

Import trace:
  Server Component:
    ./app/login/LoginForm.tsx
    ./app/login/page.tsx 
[browser] ./app/login/LoginForm.tsx:167:12
Unterminated regexp literal
  165 |           <div>
  166 |             <ArrowBack
> 167 |           </div>
      |            ^^^^^
  168 |         </CardContent>
  169 |       </Card>
  170 |     </div>

Parsing ecmascript source code failed

Import trace:
  Server Component:
    ./app/login/LoginForm.tsx
    ./app/login/page.tsx 
⨯ ReferenceError: ArrowBackButton is not defined
    at LoginForm (app\login\LoginForm.tsx:166:14)
  164 |           </div>
  165 |           <div>
> 166 |             <ArrowBackButton />
      |              ^
  167 |           </div>
  168 |         </CardContent>
  169 |       </Card> {
  digest: '4146171022'
}
⨯ ReferenceError: ArrowBackButton is not defined
    at LoginForm (app\login\LoginForm.tsx:166:14)
  164 |           </div>
  165 |           <div>
> 166 |             <ArrowBackButton />
      |              ^
  167 |           </div>
  168 |         </CardContent>
  169 |       </Card> {
  digest: '4146171022'
}
⨯ ReferenceError: ArrowBackButton is not defined
    at LoginForm (app\login\LoginForm.tsx:166:14)
  164 |           </div>
  165 |           <div>
> 166 |             <ArrowBackButton />
      |              ^
  167 |           </div>
  168 |         </CardContent>
  169 |       </Card> {
  digest: '4146171022'
}
[browser] Uncaught ReferenceError: ArrowBackButton is not defined
    at LoginForm (app/login/LoginForm.tsx:166:14)
    at Login (app\login\page.tsx:6:7)
  164 |           </div>
  165 |           <div>
> 166 |             <ArrowBackButton />
      |              ^
  167 |           </div>
  168 |         </CardContent>
  169 |       </Card>
⚠ Fast Refresh had to perform a full reload due to a runtime error.
⚠ Fast Refresh had to perform a full reload due to a runtime error.
⨯ ReferenceError: Arro is not defined
    at LoginForm (app\login\LoginForm.tsx:166:14)
  164 |           </div>
  165 |           <div>
> 166 |             <Arro />
      |              ^
  167 |           </div>
  168 |         </CardContent>
  169 |       </Card> {
  digest: '2094246500'
}
⨯ ReferenceError: Arro is not defined
    at LoginForm (app\login\LoginForm.tsx:166:14)
  164 |           </div>
  165 |           <div>
> 166 |             <Arro />
      |              ^
  167 |           </div>
  168 |         </CardContent>
  169 |       </Card> {
  digest: '2094246500'
}
[browser] Uncaught ReferenceError: Arro is not defined
    at LoginForm (app/login/LoginForm.tsx:166:14)
    at Login (app\login\page.tsx:6:7)
  164 |           </div>
  165 |           <div>
> 166 |             <Arro />
      |              ^
  167 |           </div>
  168 |         </CardContent>
  169 |       </Card>
⚠ Fast Refresh had to perform a full reload due to a runtime error.
⚠ Fast Refresh had to perform a full reload due to a runtime error.
[browser] Image with src "/sm-image.png" has either width or height modified, but not the other. If you use CSS to change the size of your image, also include the styles 'width: "auto"' or 'height: "auto"' to maintain the aspect ratio.
⨯ ReferenceError: ArrowBigLef is not defined
    at LoginForm (app\login\LoginForm.tsx:166:14)
  164 |           </div>
  165 |           <div>
> 166 |             <ArrowBigLef />
      |              ^
  167 |           </div>
  168 |         </CardContent>
  169 |       </Card> {
  digest: '1343312272'
}
⨯ ReferenceError: ArrowBigLef is not defined
    at LoginForm (app\login\LoginForm.tsx:166:14)
  164 |           </div>
  165 |           <div>
> 166 |             <ArrowBigLef />
      |              ^
  167 |           </div>
  168 |         </CardContent>
  169 |       </Card> {
  digest: '1343312272'
}
[browser] Uncaught ReferenceError: ArrowBigLef is not defined
    at LoginForm (app/login/LoginForm.tsx:166:14)
    at Login (app\login\page.tsx:6:7)
  164 |           </div>
  165 |           <div>
> 166 |             <ArrowBigLef />
      |              ^
  167 |           </div>
  168 |         </CardContent>
  169 |       </Card>
⚠ Fast Refresh had to perform a full reload due to a runtime error.
⚠ Fast Refresh had to perform a full reload due to a runtime error.
[browser] Image with src "/sm-image.png" has either width or height modified, but not the other. If you use CSS to change the size of your image, also include the styles 'width: "auto"' or 'height: "auto"' to maintain the aspect ratio.
[browser] Uncaught ReferenceError: ArrowLe is not defined
    at LoginForm (app/login/LoginForm.tsx:166:14)
    at Login (app\login\page.tsx:6:7)
  164 |           </div>
  165 |           <div>
> 166 |             <ArrowLe />
      |              ^
  167 |           </div>
  168 |         </CardContent>
  169 |       </Card>
⚠ Fast Refresh had to perform a full reload due to a runtime error.
⚠ Fast Refresh had to perform a full reload due to a runtime error.
[browser] Image with src "/sm-image.png" has either width or height modified, but not the other. If you use CSS to change the size of your image, also include the styles 'width: "auto"' or 'height: "auto"' to maintain the aspect ratio.
[browser] Received `true` for a non-boolean attribute `clas`.

If you want to write it to the DOM, pass a string instead: clas="true" or clas={value.toString()}. 
[browser] Detected `scroll-behavior: smooth` on the `<html>` element. To disable smooth scrolling during route transitions, add `data-scroll-behavior="smooth"` to your <html> element. Learn more: https://nextjs.org/docs/messages/missing-data-scroll-behavior
[browser] ⨯ unhandledRejection: TypeError: Failed to fetch
    at RegisterAccountForm.useEffect (app/register/basic-info/page.tsx:188:5)
  186 |
  187 |   useEffect(() => {
> 188 |     fetch(
      |     ^
  189 |       "https://servicodados.ibge.gov.br/api/v1/localidades/estados?orderBy=nome",
  190 |     )
  191 |       .then((res) => res.json())
[browser] ⨯ unhandledRejection: TypeError: Failed to fetch
    at RegisterAccountForm.useEffect (app/register/basic-info/page.tsx:188:5)
  186 |
  187 |   useEffect(() => {
> 188 |     fetch(
      |     ^
  189 |       "https://servicodados.ibge.gov.br/api/v1/localidades/estados?orderBy=nome",
  190 |     )
  191 |       .then((res) => res.json())
[browser] ⨯ unhandledRejection: TypeError: Failed to fetch
    at RegisterAccountForm.useEffect (app/register/basic-info/page.tsx:188:5)
  186 |
  187 |   useEffect(() => {
> 188 |     fetch(
      |     ^
  189 |       "https://servicodados.ibge.gov.br/api/v1/localidades/estados?orderBy=nome",
  190 |     )
  191 |       .then((res) => res.json())
[browser] ⨯ unhandledRejection: TypeError: Failed to fetch
    at RegisterAccountForm.useEffect (app/register/basic-info/page.tsx:188:5)
  186 |
  187 |   useEffect(() => {
> 188 |     fetch(
      |     ^
  189 |       "https://servicodados.ibge.gov.br/api/v1/localidades/estados?orderBy=nome",
  190 |     )
  191 |       .then((res) => res.json())
[browser] ⨯ unhandledRejection: TypeError: Failed to fetch
    at RegisterAccountForm.useEffect (app/register/basic-info/page.tsx:188:5)
  186 |
  187 |   useEffect(() => {
> 188 |     fetch(
      |     ^
  189 |       "https://servicodados.ibge.gov.br/api/v1/localidades/estados?orderBy=nome",
  190 |     )
  191 |       .then((res) => res.json())
[browser] ⨯ unhandledRejection: TypeError: Failed to fetch
    at RegisterAccountForm.useEffect (app/register/basic-info/page.tsx:188:5)
  186 |
  187 |   useEffect(() => {
> 188 |     fetch(
      |     ^
  189 |       "https://servicodados.ibge.gov.br/api/v1/localidades/estados?orderBy=nome",
  190 |     )
  191 |       .then((res) => res.json())
⨯ ./app/login/LoginForm.tsx:174:13
Expression expected
  [90m172 |[0m             <[33mLink[0m
  [90m173 |[0m             
[31m[1m>[0m [90m174 |[0m             <[33mArrowLeft[0m />
  [90m    |[0m             [31m[1m^[0m
  [90m175 |[0m             [33mVoltar[0m
  [90m176 |[0m           </div>
  [90m177 |[0m         </[33mCardContent[0m>

Parsing ecmascript source code failed

Import trace:
  Server Component:
    ./app/login/LoginForm.tsx
    ./app/login/page.tsx



./app/login/LoginForm.tsx:174:25
Expression expected
  [90m172 |[0m             <[33mLink[0m
  [90m173 |[0m             
[31m[1m>[0m [90m174 |[0m             <[33mArrowLeft[0m />
  [90m    |[0m                         [31m[1m^[0m
  [90m175 |[0m             [33mVoltar[0m
  [90m176 |[0m           </div>
  [90m177 |[0m         </[33mCardContent[0m>

Parsing ecmascript source code failed

Import trace:
  Server Component:
    ./app/login/LoginForm.tsx
    ./app/login/page.tsx



./app/login/LoginForm.tsx:176:12
Unterminated regexp literal
  [90m174 |[0m             <[33mArrowLeft[0m />
  [90m175 |[0m             [33mVoltar[0m
[31m[1m>[0m [90m176 |[0m           </div>
  [90m    |[0m            [31m[1m^^^^^[0m
  [90m177 |[0m         </[33mCardContent[0m>
  [90m178 |[0m       </[33mCard[0m>
  [90m179 |[0m     </div>

Parsing ecmascript source code failed

Import trace:
  Server Component:
    ./app/login/LoginForm.tsx
    ./app/login/page.tsx


⨯ ./app/login/LoginForm.tsx:174:13
Expression expected
  [90m172 |[0m             <[33mLink[0m
  [90m173 |[0m             
[31m[1m>[0m [90m174 |[0m             <[33mArrowLeft[0m />
  [90m    |[0m             [31m[1m^[0m
  [90m175 |[0m             [33mVoltar[0m
  [90m176 |[0m           </div>
  [90m177 |[0m         </[33mCardContent[0m>

Parsing ecmascript source code failed

Import trace:
  Server Component:
    ./app/login/LoginForm.tsx
    ./app/login/page.tsx



./app/login/LoginForm.tsx:174:25
Expression expected
  [90m172 |[0m             <[33mLink[0m
  [90m173 |[0m             
[31m[1m>[0m [90m174 |[0m             <[33mArrowLeft[0m />
  [90m    |[0m                         [31m[1m^[0m
  [90m175 |[0m             [33mVoltar[0m
  [90m176 |[0m           </div>
  [90m177 |[0m         </[33mCardContent[0m>

Parsing ecmascript source code failed

Import trace:
  Server Component:
    ./app/login/LoginForm.tsx
    ./app/login/page.tsx



./app/login/LoginForm.tsx:176:12
Unterminated regexp literal
  [90m174 |[0m             <[33mArrowLeft[0m />
  [90m175 |[0m             [33mVoltar[0m
[31m[1m>[0m [90m176 |[0m           </div>
  [90m    |[0m            [31m[1m^^^^^[0m
  [90m177 |[0m         </[33mCardContent[0m>
  [90m178 |[0m       </[33mCard[0m>
  [90m179 |[0m     </div>

Parsing ecmascript source code failed

Import trace:
  Server Component:
    ./app/login/LoginForm.tsx
    ./app/login/page.tsx


⨯ ./app/login/LoginForm.tsx:174:13
Expression expected
  [90m172 |[0m             <[33mLink[0m
  [90m173 |[0m             
[31m[1m>[0m [90m174 |[0m             <[33mArrowLeft[0m />
  [90m    |[0m             [31m[1m^[0m
  [90m175 |[0m             [33mVoltar[0m
  [90m176 |[0m           </div>
  [90m177 |[0m         </[33mCardContent[0m>

Parsing ecmascript source code failed

Import trace:
  Server Component:
    ./app/login/LoginForm.tsx
    ./app/login/page.tsx



./app/login/LoginForm.tsx:174:25
Expression expected
  [90m172 |[0m             <[33mLink[0m
  [90m173 |[0m             
[31m[1m>[0m [90m174 |[0m             <[33mArrowLeft[0m />
  [90m    |[0m                         [31m[1m^[0m
  [90m175 |[0m             [33mVoltar[0m
  [90m176 |[0m           </div>
  [90m177 |[0m         </[33mCardContent[0m>

Parsing ecmascript source code failed

Import trace:
  Server Component:
    ./app/login/LoginForm.tsx
    ./app/login/page.tsx



./app/login/LoginForm.tsx:176:12
Unterminated regexp literal
  [90m174 |[0m             <[33mArrowLeft[0m />
  [90m175 |[0m             [33mVoltar[0m
[31m[1m>[0m [90m176 |[0m           </div>
  [90m    |[0m            [31m[1m^^^^^[0m
  [90m177 |[0m         </[33mCardContent[0m>
  [90m178 |[0m       </[33mCard[0m>
  [90m179 |[0m     </div>

Parsing ecmascript source code failed

Import trace:
  Server Component:
    ./app/login/LoginForm.tsx
    ./app/login/page.tsx


[browser] ./app/login/LoginForm.tsx:174:25
Expression expected
  172 |             <Link
  173 |             
> 174 |             <ArrowLeft />
      |                         ^
  175 |             Voltar
  176 |           </div>
  177 |         </CardContent>

Parsing ecmascript source code failed

Import trace:
  Server Component:
    ./app/login/LoginForm.tsx
    ./app/login/page.tsx 
[browser] ./app/login/LoginForm.tsx:176:12
Unterminated regexp literal
  174 |             <ArrowLeft />
  175 |             Voltar
> 176 |           </div>
      |            ^^^^^
  177 |         </CardContent>
  178 |       </Card>
  179 |     </div>

Parsing ecmascript source code failed

Import trace:
  Server Component:
    ./app/login/LoginForm.tsx
    ./app/login/page.tsx 
⨯ ./app/login/LoginForm.tsx:174:13
Expression expected
  [90m172 |[0m             <[33mLink[0m
  [90m173 |[0m             
[31m[1m>[0m [90m174 |[0m             <[33mArrowLeft[0m />
  [90m    |[0m             [31m[1m^[0m
  [90m175 |[0m             [33mVoltar[0m
  [90m176 |[0m           </div>
  [90m177 |[0m         </[33mCardContent[0m>

Parsing ecmascript source code failed

Import trace:
  Server Component:
    ./app/login/LoginForm.tsx
    ./app/login/page.tsx



./app/login/LoginForm.tsx:174:25
Expression expected
  [90m172 |[0m             <[33mLink[0m
  [90m173 |[0m             
[31m[1m>[0m [90m174 |[0m             <[33mArrowLeft[0m />
  [90m    |[0m                         [31m[1m^[0m
  [90m175 |[0m             [33mVoltar[0m
  [90m176 |[0m           </div>
  [90m177 |[0m         </[33mCardContent[0m>

Parsing ecmascript source code failed

Import trace:
  Server Component:
    ./app/login/LoginForm.tsx
    ./app/login/page.tsx



./app/login/LoginForm.tsx:176:12
Unterminated regexp literal
  [90m174 |[0m             <[33mArrowLeft[0m />
  [90m175 |[0m             [33mVoltar[0m
[31m[1m>[0m [90m176 |[0m           </div>
  [90m    |[0m            [31m[1m^^^^^[0m
  [90m177 |[0m         </[33mCardContent[0m>
  [90m178 |[0m       </[33mCard[0m>
  [90m179 |[0m     </div>

Parsing ecmascript source code failed

Import trace:
  Server Component:
    ./app/login/LoginForm.tsx
    ./app/login/page.tsx


⨯ ./app/login/LoginForm.tsx:174:13
Expression expected
  [90m172 |[0m             <[33mLink[0m
  [90m173 |[0m             
[31m[1m>[0m [90m174 |[0m             <[33mArrowLeft[0m />
  [90m    |[0m             [31m[1m^[0m
  [90m175 |[0m             [33mVoltar[0m
  [90m176 |[0m           </div>
  [90m177 |[0m         </[33mCardContent[0m>

Parsing ecmascript source code failed

Import trace:
  Server Component:
    ./app/login/LoginForm.tsx
    ./app/login/page.tsx



./app/login/LoginForm.tsx:174:25
Expression expected
  [90m172 |[0m             <[33mLink[0m
  [90m173 |[0m             
[31m[1m>[0m [90m174 |[0m             <[33mArrowLeft[0m />
  [90m    |[0m                         [31m[1m^[0m
  [90m175 |[0m             [33mVoltar[0m
  [90m176 |[0m           </div>
  [90m177 |[0m         </[33mCardContent[0m>

Parsing ecmascript source code failed

Import trace:
  Server Component:
    ./app/login/LoginForm.tsx
    ./app/login/page.tsx



./app/login/LoginForm.tsx:176:12
Unterminated regexp literal
  [90m174 |[0m             <[33mArrowLeft[0m />
  [90m175 |[0m             [33mVoltar[0m
[31m[1m>[0m [90m176 |[0m           </div>
  [90m    |[0m            [31m[1m^^^^^[0m
  [90m177 |[0m         </[33mCardContent[0m>
  [90m178 |[0m       </[33mCard[0m>
  [90m179 |[0m     </div>

Parsing ecmascript source code failed

Import trace:
  Server Component:
    ./app/login/LoginForm.tsx
    ./app/login/page.tsx


⨯ ./app/login/LoginForm.tsx:174:13
Expression expected
  [90m172 |[0m             <[33mLink[0m
  [90m173 |[0m             
[31m[1m>[0m [90m174 |[0m             <[33mArrowLeft[0m />
  [90m    |[0m             [31m[1m^[0m
  [90m175 |[0m             [33mVoltar[0m
  [90m176 |[0m           </div>
  [90m177 |[0m         </[33mCardContent[0m>

Parsing ecmascript source code failed

Import trace:
  Server Component:
    ./app/login/LoginForm.tsx
    ./app/login/page.tsx



./app/login/LoginForm.tsx:174:25
Expression expected
  [90m172 |[0m             <[33mLink[0m
  [90m173 |[0m             
[31m[1m>[0m [90m174 |[0m             <[33mArrowLeft[0m />
  [90m    |[0m                         [31m[1m^[0m
  [90m175 |[0m             [33mVoltar[0m
  [90m176 |[0m           </div>
  [90m177 |[0m         </[33mCardContent[0m>

Parsing ecmascript source code failed

Import trace:
  Server Component:
    ./app/login/LoginForm.tsx
    ./app/login/page.tsx



./app/login/LoginForm.tsx:176:12
Unterminated regexp literal
  [90m174 |[0m             <[33mArrowLeft[0m />
  [90m175 |[0m             [33mVoltar[0m
[31m[1m>[0m [90m176 |[0m           </div>
  [90m    |[0m            [31m[1m^^^^^[0m
  [90m177 |[0m         </[33mCardContent[0m>
  [90m178 |[0m       </[33mCard[0m>
  [90m179 |[0m     </div>

Parsing ecmascript source code failed

Import trace:
  Server Component:
    ./app/login/LoginForm.tsx
    ./app/login/page.tsx


[browser] Uncaught Error: ./app/login/LoginForm.tsx:174:25
Expression expected
  172 |             <Link
  173 |             
> 174 |             <ArrowLeft />
      |                         ^
  175 |             Voltar
  176 |           </div>
  177 |         </CardContent>

Parsing ecmascript source code failed

Import trace:
  Server Component:
    ./app/login/LoginForm.tsx
    ./app/login/page.tsx


    at <unknown> (Error: ./app/login/LoginForm.tsx:174:25)
    at <unknown> (Error: (./app/login/LoginForm.tsx:174:25)
[browser] Uncaught Error: ./app/login/LoginForm.tsx:174:25
Expression expected
  172 |             <Link
  173 |             
> 174 |             <ArrowLeft />
      |                         ^
  175 |             Voltar
  176 |           </div>
  177 |         </CardContent>

Parsing ecmascript source code failed

Import trace:
  Server Component:
    ./app/login/LoginForm.tsx
    ./app/login/page.tsx


    at <unknown> (Error: ./app/login/LoginForm.tsx:174:25)
    at <unknown> (Error: (./app/login/LoginForm.tsx:174:25)
[browser] ./app/login/LoginForm.tsx:174:25
Expression expected
  172 |             <Link
  173 |             
> 174 |             <ArrowLeft />
      |                         ^
  175 |             Voltar
  176 |           </div>
  177 |         </CardContent>

Parsing ecmascript source code failed

Import trace:
  Server Component:
    ./app/login/LoginForm.tsx
    ./app/login/page.tsx 
[browser] ./app/login/LoginForm.tsx:176:12
Unterminated regexp literal
  174 |             <ArrowLeft />
  175 |             Voltar
> 176 |           </div>
      |            ^^^^^
  177 |         </CardContent>
  178 |       </Card>
  179 |     </div>

Parsing ecmascript source code failed

Import trace:
  Server Component:
    ./app/login/LoginForm.tsx
    ./app/login/page.tsx 
[browser] ./app/login/LoginForm.tsx:174:25
Expression expected
  172 |             <Link
  173 |             
> 174 |             <ArrowLeft />
      |                         ^
  175 |             Voltar
  176 |           </div>
  177 |         </CardContent>

Parsing ecmascript source code failed

Import trace:
  Server Component:
    ./app/login/LoginForm.tsx
    ./app/login/page.tsx 
[browser] ./app/login/LoginForm.tsx:176:12
Unterminated regexp literal
  174 |             <ArrowLeft />
  175 |             Voltar
> 176 |           </div>
      |            ^^^^^
  177 |         </CardContent>
  178 |       </Card>
  179 |     </div>

Parsing ecmascript source code failed

Import trace:
  Server Component:
    ./app/login/LoginForm.tsx
    ./app/login/page.tsx 
⨯ Error: Failed prop type: The prop `href` expects a `string` or `object` in `<Link>`, but got `undefined` instead.
    at ignore-listed frames {
  digest: '731573511@E319'
}
⨯ Error: Failed prop type: The prop `href` expects a `string` or `object` in `<Link>`, but got `undefined` instead.
    at ignore-listed frames {
  digest: '731573511@E319'
}
⨯ Error: Failed prop type: The prop `href` expects a `string` or `object` in `<Link>`, but got `undefined` instead.
    at ignore-listed frames {
  digest: '731573511@E319'
}
[browser] Uncaught Error: Failed prop type: The prop `href` expects a `string` or `object` in `<Link>`, but got `undefined` instead.
Open your browser's console to view the Component stack trace.
    at Array.forEach (<anonymous>)
    at LoginForm (app/login/LoginForm.tsx:172:13)
    at Login (app\login\page.tsx:6:7)
  170 |           </div>
  171 |           <div className="flex w-fit items-center gap-3 rounded-md mt-3 underline hover:t...
> 172 |             <Link>
      |             ^
  173 |             </Link>
  174 |             
  175 |             <ArrowLeft />
⚠ Fast Refresh had to perform a full reload due to a runtime error.
⚠ Fast Refresh had to perform a full reload due to a runtime error.
⨯ Error: Failed prop type: The prop `href` expects a `string` or `object` in `<Link>`, but got `undefined` instead.
    at ignore-listed frames {
  digest: '731573511@E319'
}
⨯ Error: Failed prop type: The prop `href` expects a `string` or `object` in `<Link>`, but got `undefined` instead.
    at ignore-listed frames {
  digest: '731573511@E319'
}
[browser] Uncaught Error: Failed prop type: The prop `href` expects a `string` or `object` in `<Link>`, but got `undefined` instead.
Open your browser's console to view the Component stack trace.
    at Array.forEach (<anonymous>)
    at LoginForm (app/login/LoginForm.tsx:175:13)
    at Login (app\login\page.tsx:6:7)
  173 |             onClick={() => router.back()}
  174 |           >
> 175 |             <Link>
      |             ^
  176 |               <ArrowLeft />
  177 |               Voltar
  178 |             </Link>
⚠ Fast Refresh had to perform a full reload due to a runtime error.
⚠ Fast Refresh had to perform a full reload due to a runtime error.
⨯ Error: Failed prop type: The prop `href` expects a `string` or `object` in `<Link>`, but got `undefined` instead.
    at ignore-listed frames {
  digest: '731573511@E319'
}
⨯ Error: Failed prop type: The prop `href` expects a `string` or `object` in `<Link>`, but got `undefined` instead.
    at ignore-listed frames {
  digest: '731573511@E319'
}
[browser] Uncaught Error: Failed prop type: The prop `href` expects a `string` or `object` in `<Link>`, but got `undefined` instead.
Open your browser's console to view the Component stack trace.
    at Array.forEach (<anonymous>)
    at LoginForm (app/login/LoginForm.tsx:175:13)
    at Login (app\login\page.tsx:6:7)
  173 |             onClick={() => router.back()}
  174 |           >
> 175 |             <Link>
      |             ^
  176 |               <ArrowLeft />
  177 |               Voltar
  178 |             </Link>
⚠ Fast Refresh had to perform a full reload due to a runtime error.
⚠ Fast Refresh had to perform a full reload due to a runtime error.
[browser] Image with src "/sm-image.png" has either width or height modified, but not the other. If you use CSS to change the size of your image, also include the styles 'width: "auto"' or 'height: "auto"' to maintain the aspect ratio.
[browser] Detected `scroll-behavior: smooth` on the `<html>` element. To disable smooth scrolling during route transitions, add `data-scroll-behavior="smooth"` to your <html> element. Learn more: https://nextjs.org/docs/messages/missing-data-scroll-behavior
[browser] Detected `scroll-behavior: smooth` on the `<html>` element. To disable smooth scrolling during route transitions, add `data-scroll-behavior="smooth"` to your <html> element. Learn more: https://nextjs.org/docs/messages/missing-data-scroll-behavior
[browser] Image with src "/sm-image.png" has either width or height modified, but not the other. If you use CSS to change the size of your image, also include the styles 'width: "auto"' or 'height: "auto"' to maintain the aspect ratio.
[browser] Unknown event handler property `onCl`. It will be ignored. 
[browser] Received `true` for a non-boolean attribute `clas`.

If you want to write it to the DOM, pass a string instead: clas="true" or clas={value.toString()}. 
⨯ ./app/login/LoginForm.tsx:104:51
Unterminated string constant
  [90m102 |[0m             style={{ height: [32m"auto"[0m }}
  [90m103 |[0m             onClick={() => router.push([32m"/"[0m)}
[31m[1m>[0m [90m104 |[0m             className=[32m"cursor-pointer select-none"[0m[32m'[0m
  [90m    |[0m                                                   [31m[1m^[0m
  [90m105 |[0m [32m          />[0m
  [90m106 |[0m [32m        </CardHeader>[0m
  [90m107 |[0m

Parsing ecmascript source code failed

Import trace:
  Server Component:
    ./app/login/LoginForm.tsx
    ./app/login/page.tsx


⨯ ./app/login/LoginForm.tsx:104:51
Unterminated string constant
  [90m102 |[0m             style={{ height: [32m"auto"[0m }}
  [90m103 |[0m             onClick={() => router.push([32m"/"[0m)}
[31m[1m>[0m [90m104 |[0m             className=[32m"cursor-pointer select-none"[0m[32m'[0m
  [90m    |[0m                                                   [31m[1m^[0m
  [90m105 |[0m [32m          />[0m
  [90m106 |[0m [32m        </CardHeader>[0m
  [90m107 |[0m

Parsing ecmascript source code failed

Import trace:
  Server Component:
    ./app/login/LoginForm.tsx
    ./app/login/page.tsx


⨯ ./app/login/LoginForm.tsx:104:51
Unterminated string constant
  [90m102 |[0m             style={{ height: [32m"auto"[0m }}
  [90m103 |[0m             onClick={() => router.push([32m"/"[0m)}
[31m[1m>[0m [90m104 |[0m             className=[32m"cursor-pointer select-none"[0m[32m'[0m
  [90m    |[0m                                                   [31m[1m^[0m
  [90m105 |[0m [32m          />[0m
  [90m106 |[0m [32m        </CardHeader>[0m
  [90m107 |[0m

Parsing ecmascript source code failed

Import trace:
  Server Component:
    ./app/login/LoginForm.tsx
    ./app/login/page.tsx


[browser] ./app/login/LoginForm.tsx:104:51
Unterminated string constant
  102 |             style={{ height: "auto" }}
  103 |             onClick={() => router.push("/")}
> 104 |             className="cursor-pointer select-none"'
      |                                                   ^
  105 |           />
  106 |         </CardHeader>
  107 |

Parsing ecmascript source code failed

Import trace:
  Server Component:
    ./app/login/LoginForm.tsx
    ./app/login/page.tsx 
[browser] ./app/login/LoginForm.tsx:104:51
Unterminated string constant
  102 |             style={{ height: "auto" }}
  103 |             onClick={() => router.push("/")}
> 104 |             className="cursor-pointer select-none"'
      |                                                   ^
  105 |           />
  106 |         </CardHeader>
  107 |

Parsing ecmascript source code failed

Import trace:
  Server Component:
    ./app/login/LoginForm.tsx
    ./app/login/page.tsx 
⨯ ./app/login/LoginForm.tsx:104:51
Unterminated string constant
  [90m102 |[0m             style={{ height: [32m"auto"[0m }}
  [90m103 |[0m             onClick={() => router.push([32m"/"[0m)}
[31m[1m>[0m [90m104 |[0m             className=[32m"cursor-pointer select-none"[0m[32m'[0m
  [90m    |[0m                                                   [31m[1m^[0m
  [90m105 |[0m [32m          />[0m
  [90m106 |[0m [32m        </CardHeader>[0m
  [90m107 |[0m

Parsing ecmascript source code failed

Import trace:
  Server Component:
    ./app/login/LoginForm.tsx
    ./app/login/page.tsx


⨯ ./app/login/LoginForm.tsx:104:51
Unterminated string constant
  [90m102 |[0m             style={{ height: [32m"auto"[0m }}
  [90m103 |[0m             onClick={() => router.push([32m"/"[0m)}
[31m[1m>[0m [90m104 |[0m             className=[32m"cursor-pointer select-none"[0m[32m'[0m
  [90m    |[0m                                                   [31m[1m^[0m
  [90m105 |[0m [32m          />[0m
  [90m106 |[0m [32m        </CardHeader>[0m
  [90m107 |[0m

Parsing ecmascript source code failed

Import trace:
  Server Component:
    ./app/login/LoginForm.tsx
    ./app/login/page.tsx


⨯ ./app/login/LoginForm.tsx:104:51
Unterminated string constant
  [90m102 |[0m             style={{ height: [32m"auto"[0m }}
  [90m103 |[0m             onClick={() => router.push([32m"/"[0m)}
[31m[1m>[0m [90m104 |[0m             className=[32m"cursor-pointer select-none"[0m[32m'[0m
  [90m    |[0m                                                   [31m[1m^[0m
  [90m105 |[0m [32m          />[0m
  [90m106 |[0m [32m        </CardHeader>[0m
  [90m107 |[0m

Parsing ecmascript source code failed

Import trace:
  Server Component:
    ./app/login/LoginForm.tsx
    ./app/login/page.tsx


[browser] ./app/login/LoginForm.tsx:104:51
Unterminated string constant
  102 |             style={{ height: "auto" }}
  103 |             onClick={() => router.push("/")}
> 104 |             className="cursor-pointer select-none"'
      |                                                   ^
  105 |           />
  106 |         </CardHeader>
  107 |

Parsing ecmascript source code failed

Import trace:
  Server Component:
    ./app/login/LoginForm.tsx
    ./app/login/page.tsx 
[browser] Uncaught Error: ./app/login/LoginForm.tsx:104:51
Unterminated string constant
  102 |             style={{ height: "auto" }}
  103 |             onClick={() => router.push("/")}
> 104 |             className="cursor-pointer select-none"'
      |                                                   ^
  105 |           />
  106 |         </CardHeader>
  107 |

Parsing ecmascript source code failed

Import trace:
  Server Component:
    ./app/login/LoginForm.tsx
    ./app/login/page.tsx


    at <unknown> (Error: ./app/login/LoginForm.tsx:104:51)
    at <unknown> (Error: (./app/login/LoginForm.tsx:104:51)
[browser] Uncaught Error: ./app/login/LoginForm.tsx:104:51
Unterminated string constant
  102 |             style={{ height: "auto" }}
  103 |             onClick={() => router.push("/")}
> 104 |             className="cursor-pointer select-none"'
      |                                                   ^
  105 |           />
  106 |         </CardHeader>
  107 |

Parsing ecmascript source code failed

Import trace:
  Server Component:
    ./app/login/LoginForm.tsx
    ./app/login/page.tsx


    at <unknown> (Error: ./app/login/LoginForm.tsx:104:51)
    at <unknown> (Error: (./app/login/LoginForm.tsx:104:51)
[browser] ./app/login/LoginForm.tsx:104:51
Unterminated string constant
  102 |             style={{ height: "auto" }}
  103 |             onClick={() => router.push("/")}
> 104 |             className="cursor-pointer select-none"'
      |                                                   ^
  105 |           />
  106 |         </CardHeader>
  107 |

Parsing ecmascript source code failed

Import trace:
  Server Component:
    ./app/login/LoginForm.tsx
    ./app/login/page.tsx 
⚠ Fast Refresh had to perform a full reload due to a runtime error.
[browser] Image with src "/sm-image.png" has either width or height modified, but not the other. If you use CSS to change the size of your image, also include the styles 'width: "auto"' or 'height: "auto"' to maintain the aspect ratio.
[browser] Detected `scroll-behavior: smooth` on the `<html>` element. To disable smooth scrolling during route transitions, add `data-scroll-behavior="smooth"` to your <html> element. Learn more: https://nextjs.org/docs/messages/missing-data-scroll-behavior
[browser] Image with src "/sm-image.png" has either width or height modified, but not the other. If you use CSS to change the size of your image, also include the styles 'width: "auto"' or 'height: "auto"' to maintain the aspect ratio.
⨯ ./app/login/LoginForm.tsx:183:11
Expression expected
  [90m181 |[0m
  [90m182 |[0m             <[33mLink[0m
[31m[1m>[0m [90m183 |[0m           </div>
  [90m    |[0m           [31m[1m^[0m
  [90m184 |[0m         </[33mCardContent[0m>
  [90m185 |[0m       </[33mCard[0m>
  [90m186 |[0m     </div>

Parsing ecmascript source code failed

Import trace:
  Server Component:
    ./app/login/LoginForm.tsx
    ./app/login/page.tsx



./app/login/LoginForm.tsx:183:12
Unterminated regexp literal
  [90m181 |[0m
  [90m182 |[0m             <[33mLink[0m
[31m[1m>[0m [90m183 |[0m           </div>
  [90m    |[0m            [31m[1m^^^^^[0m
  [90m184 |[0m         </[33mCardContent[0m>
  [90m185 |[0m       </[33mCard[0m>
  [90m186 |[0m     </div>

Parsing ecmascript source code failed

Import trace:
  Server Component:
    ./app/login/LoginForm.tsx
    ./app/login/page.tsx


⨯ ./app/login/LoginForm.tsx:183:11
Expression expected
  [90m181 |[0m
  [90m182 |[0m             <[33mLink[0m
[31m[1m>[0m [90m183 |[0m           </div>
  [90m    |[0m           [31m[1m^[0m
  [90m184 |[0m         </[33mCardContent[0m>
  [90m185 |[0m       </[33mCard[0m>
  [90m186 |[0m     </div>

Parsing ecmascript source code failed

Import trace:
  Server Component:
    ./app/login/LoginForm.tsx
    ./app/login/page.tsx



./app/login/LoginForm.tsx:183:12
Unterminated regexp literal
  [90m181 |[0m
  [90m182 |[0m             <[33mLink[0m
[31m[1m>[0m [90m183 |[0m           </div>
  [90m    |[0m            [31m[1m^^^^^[0m
  [90m184 |[0m         </[33mCardContent[0m>
  [90m185 |[0m       </[33mCard[0m>
  [90m186 |[0m     </div>

Parsing ecmascript source code failed

Import trace:
  Server Component:
    ./app/login/LoginForm.tsx
    ./app/login/page.tsx


⨯ ./app/login/LoginForm.tsx:183:11
Expression expected
  [90m181 |[0m
  [90m182 |[0m             <[33mLink[0m
[31m[1m>[0m [90m183 |[0m           </div>
  [90m    |[0m           [31m[1m^[0m
  [90m184 |[0m         </[33mCardContent[0m>
  [90m185 |[0m       </[33mCard[0m>
  [90m186 |[0m     </div>

Parsing ecmascript source code failed

Import trace:
  Server Component:
    ./app/login/LoginForm.tsx
    ./app/login/page.tsx



./app/login/LoginForm.tsx:183:12
Unterminated regexp literal
  [90m181 |[0m
  [90m182 |[0m             <[33mLink[0m
[31m[1m>[0m [90m183 |[0m           </div>
  [90m    |[0m            [31m[1m^^^^^[0m
  [90m184 |[0m         </[33mCardContent[0m>
  [90m185 |[0m       </[33mCard[0m>
  [90m186 |[0m     </div>

Parsing ecmascript source code failed

Import trace:
  Server Component:
    ./app/login/LoginForm.tsx
    ./app/login/page.tsx


[browser] ./app/login/LoginForm.tsx:183:11
Expression expected
  181 |
  182 |             <Link
> 183 |           </div>
      |           ^
  184 |         </CardContent>
  185 |       </Card>
  186 |     </div>

Parsing ecmascript source code failed

Import trace:
  Server Component:
    ./app/login/LoginForm.tsx
    ./app/login/page.tsx 
[browser] ./app/login/LoginForm.tsx:183:12
Unterminated regexp literal
  181 |
  182 |             <Link
> 183 |           </div>
      |            ^^^^^
  184 |         </CardContent>
  185 |       </Card>
  186 |     </div>

Parsing ecmascript source code failed

Import trace:
  Server Component:
    ./app/login/LoginForm.tsx
    ./app/login/page.tsx 
⨯ ./app/login/LoginForm.tsx:183:11
Expression expected
  [90m181 |[0m
  [90m182 |[0m             <[33mLink[0m
[31m[1m>[0m [90m183 |[0m           </div>
  [90m    |[0m           [31m[1m^[0m
  [90m184 |[0m         </[33mCardContent[0m>
  [90m185 |[0m       </[33mCard[0m>
  [90m186 |[0m     </div>

Parsing ecmascript source code failed

Import trace:
  Server Component:
    ./app/login/LoginForm.tsx
    ./app/login/page.tsx



./app/login/LoginForm.tsx:183:12
Unterminated regexp literal
  [90m181 |[0m
  [90m182 |[0m             <[33mLink[0m
[31m[1m>[0m [90m183 |[0m           </div>
  [90m    |[0m            [31m[1m^^^^^[0m
  [90m184 |[0m         </[33mCardContent[0m>
  [90m185 |[0m       </[33mCard[0m>
  [90m186 |[0m     </div>

Parsing ecmascript source code failed

Import trace:
  Server Component:
    ./app/login/LoginForm.tsx
    ./app/login/page.tsx


[browser] ./app/login/LoginForm.tsx:183:11
Expression expected
  181 |
  182 |             <Link
> 183 |           </div>
      |           ^
  184 |         </CardContent>
  185 |       </Card>
  186 |     </div>

Parsing ecmascript source code failed

Import trace:
  Server Component:
    ./app/login/LoginForm.tsx
    ./app/login/page.tsx 
[browser] ./app/login/LoginForm.tsx:183:12
Unterminated regexp literal
  181 |
  182 |             <Link
> 183 |           </div>
      |            ^^^^^
  184 |         </CardContent>
  185 |       </Card>
  186 |     </div>

Parsing ecmascript source code failed

Import trace:
  Server Component:
    ./app/login/LoginForm.tsx
    ./app/login/page.tsx 
⨯ ./app/login/LoginForm.tsx:183:11
Expression expected
  [90m181 |[0m
  [90m182 |[0m             <[33mLink[0m
[31m[1m>[0m [90m183 |[0m           </div>
  [90m    |[0m           [31m[1m^[0m
  [90m184 |[0m         </[33mCardContent[0m>
  [90m185 |[0m       </[33mCard[0m>
  [90m186 |[0m     </div>

Parsing ecmascript source code failed

Import trace:
  Server Component:
    ./app/login/LoginForm.tsx
    ./app/login/page.tsx



./app/login/LoginForm.tsx:183:12
Unterminated regexp literal
  [90m181 |[0m
  [90m182 |[0m             <[33mLink[0m
[31m[1m>[0m [90m183 |[0m           </div>
  [90m    |[0m            [31m[1m^^^^^[0m
  [90m184 |[0m         </[33mCardContent[0m>
  [90m185 |[0m       </[33mCard[0m>
  [90m186 |[0m     </div>

Parsing ecmascript source code failed

Import trace:
  Server Component:
    ./app/login/LoginForm.tsx
    ./app/login/page.tsx


⨯ ./app/login/LoginForm.tsx:183:11
Expression expected
  [90m181 |[0m
  [90m182 |[0m             <[33mLink[0m
[31m[1m>[0m [90m183 |[0m           </div>
  [90m    |[0m           [31m[1m^[0m
  [90m184 |[0m         </[33mCardContent[0m>
  [90m185 |[0m       </[33mCard[0m>
  [90m186 |[0m     </div>

Parsing ecmascript source code failed

Import trace:
  Server Component:
    ./app/login/LoginForm.tsx
    ./app/login/page.tsx



./app/login/LoginForm.tsx:183:12
Unterminated regexp literal
  [90m181 |[0m
  [90m182 |[0m             <[33mLink[0m
[31m[1m>[0m [90m183 |[0m           </div>
  [90m    |[0m            [31m[1m^^^^^[0m
  [90m184 |[0m         </[33mCardContent[0m>
  [90m185 |[0m       </[33mCard[0m>
  [90m186 |[0m     </div>

Parsing ecmascript source code failed

Import trace:
  Server Component:
    ./app/login/LoginForm.tsx
    ./app/login/page.tsx


[browser] ./app/login/LoginForm.tsx:183:11
Expression expected
  181 |
  182 |             <Link
> 183 |           </div>
      |           ^
  184 |         </CardContent>
  185 |       </Card>
  186 |     </div>

Parsing ecmascript source code failed

Import trace:
  Server Component:
    ./app/login/LoginForm.tsx
    ./app/login/page.tsx 
[browser] ./app/login/LoginForm.tsx:183:12
Unterminated regexp literal
  181 |
  182 |             <Link
> 183 |           </div>
      |            ^^^^^
  184 |         </CardContent>
  185 |       </Card>
  186 |     </div>

Parsing ecmascript source code failed

Import trace:
  Server Component:
    ./app/login/LoginForm.tsx
    ./app/login/page.tsx 
[browser] Uncaught Error: ./app/login/LoginForm.tsx:183:11
Expression expected
  181 |
  182 |             <Link
> 183 |           </div>
      |           ^
  184 |         </CardContent>
  185 |       </Card>
  186 |     </div>

Parsing ecmascript source code failed

Import trace:
  Server Component:
    ./app/login/LoginForm.tsx
    ./app/login/page.tsx


    at <unknown> (Error: ./app/login/LoginForm.tsx:183:11)
    at <unknown> (Error: (./app/login/LoginForm.tsx:183:11)
[browser] Uncaught Error: ./app/login/LoginForm.tsx:183:11
Expression expected
  181 |
  182 |             <Link
> 183 |           </div>
      |           ^
  184 |         </CardContent>
  185 |       </Card>
  186 |     </div>

Parsing ecmascript source code failed

Import trace:
  Server Component:
    ./app/login/LoginForm.tsx
    ./app/login/page.tsx


    at <unknown> (Error: ./app/login/LoginForm.tsx:183:11)
    at <unknown> (Error: (./app/login/LoginForm.tsx:183:11)
[browser] ./app/login/LoginForm.tsx:183:11
Expression expected
  181 |
  182 |             <Link
> 183 |           </div>
      |           ^
  184 |         </CardContent>
  185 |       </Card>
  186 |     </div>

Parsing ecmascript source code failed

Import trace:
  Server Component:
    ./app/login/LoginForm.tsx
    ./app/login/page.tsx 
[browser] ./app/login/LoginForm.tsx:183:12
Unterminated regexp literal
  181 |
  182 |             <Link
> 183 |           </div>
      |            ^^^^^
  184 |         </CardContent>
  185 |       </Card>
  186 |     </div>

Parsing ecmascript source code failed

Import trace:
  Server Component:
    ./app/login/LoginForm.tsx
    ./app/login/page.tsx 
[browser] ./app/login/LoginForm.tsx:183:11
Expression expected
  181 |
  182 |             <Link
> 183 |           </div>
      |           ^
  184 |         </CardContent>
  185 |       </Card>
  186 |     </div>

Parsing ecmascript source code failed

Import trace:
  Server Component:
    ./app/login/LoginForm.tsx
    ./app/login/page.tsx 
[browser] ./app/login/LoginForm.tsx:183:12
Unterminated regexp literal
  181 |
  182 |             <Link
> 183 |           </div>
      |            ^^^^^
  184 |         </CardContent>
  185 |       </Card>
  186 |     </div>

Parsing ecmascript source code failed

Import trace:
  Server Component:
    ./app/login/LoginForm.tsx
    ./app/login/page.tsx 
⚠ Fast Refresh had to perform a full reload due to a runtime error.
⨯ Error: Failed prop type: The prop `href` expects a `string` or `object` in `<Link>`, but got `undefined` instead.
    at ignore-listed frames {
  digest: '731573511@E319'
}
⨯ Error: Failed prop type: The prop `href` expects a `string` or `object` in `<Link>`, but got `undefined` instead.
    at ignore-listed frames {
  digest: '731573511@E319'
}
⨯ Error: Failed prop type: The prop `href` expects a `string` or `object` in `<Link>`, but got `undefined` instead.
    at ignore-listed frames {
  digest: '731573511@E319'
}
[browser] Uncaught Error: Failed prop type: The prop `href` expects a `string` or `object` in `<Link>`, but got `undefined` instead.
Open your browser's console to view the Component stack trace.
    at Array.forEach (<anonymous>)
    at LoginForm (app/login/LoginForm.tsx:182:13)
    at Login (app\login\page.tsx:6:7)
  180 |             </Link>
  181 |
> 182 |             <Link>
      |             ^
  183 |             
  184 |             </Link>
  185 |           </div>
⨯ ./app/login/LoginForm.tsx:184:13
Expression expected
  [90m182 |[0m             <[33mLink[0m>
  [90m183 |[0m             <[33mCrown[0m
[31m[1m>[0m [90m184 |[0m             </[33mLink[0m>
  [90m    |[0m             [31m[1m^[0m
  [90m185 |[0m           </div>
  [90m186 |[0m         </[33mCardContent[0m>
  [90m187 |[0m       </[33mCard[0m>

Parsing ecmascript source code failed

Import trace:
  Server Component:
    ./app/login/LoginForm.tsx
    ./app/login/page.tsx



./app/login/LoginForm.tsx:184:14
Unterminated regexp literal
  [90m182 |[0m             <[33mLink[0m>
  [90m183 |[0m             <[33mCrown[0m
[31m[1m>[0m [90m184 |[0m             </[33mLink[0m>
  [90m    |[0m              [31m[1m^^^^^^[0m
  [90m185 |[0m           </div>
  [90m186 |[0m         </[33mCardContent[0m>
  [90m187 |[0m       </[33mCard[0m>

Parsing ecmascript source code failed

Import trace:
  Server Component:
    ./app/login/LoginForm.tsx
    ./app/login/page.tsx


⨯ ./app/login/LoginForm.tsx:184:13
Expression expected
  [90m182 |[0m             <[33mLink[0m>
  [90m183 |[0m             <[33mCrown[0m
[31m[1m>[0m [90m184 |[0m             </[33mLink[0m>
  [90m    |[0m             [31m[1m^[0m
  [90m185 |[0m           </div>
  [90m186 |[0m         </[33mCardContent[0m>
  [90m187 |[0m       </[33mCard[0m>

Parsing ecmascript source code failed

Import trace:
  Server Component:
    ./app/login/LoginForm.tsx
    ./app/login/page.tsx



./app/login/LoginForm.tsx:184:14
Unterminated regexp literal
  [90m182 |[0m             <[33mLink[0m>
  [90m183 |[0m             <[33mCrown[0m
[31m[1m>[0m [90m184 |[0m             </[33mLink[0m>
  [90m    |[0m              [31m[1m^^^^^^[0m
  [90m185 |[0m           </div>
  [90m186 |[0m         </[33mCardContent[0m>
  [90m187 |[0m       </[33mCard[0m>

Parsing ecmascript source code failed

Import trace:
  Server Component:
    ./app/login/LoginForm.tsx
    ./app/login/page.tsx


[browser] ./app/login/LoginForm.tsx:184:13
Expression expected
  182 |             <Link>
  183 |             <Crown
> 184 |             </Link>
      |             ^
  185 |           </div>
  186 |         </CardContent>
  187 |       </Card>

Parsing ecmascript source code failed

Import trace:
  Server Component:
    ./app/login/LoginForm.tsx
    ./app/login/page.tsx 
[browser] ./app/login/LoginForm.tsx:184:14
Unterminated regexp literal
  182 |             <Link>
  183 |             <Crown
> 184 |             </Link>
      |              ^^^^^^
  185 |           </div>
  186 |         </CardContent>
  187 |       </Card>

Parsing ecmascript source code failed

Import trace:
  Server Component:
    ./app/login/LoginForm.tsx
    ./app/login/page.tsx 
[browser] Uncaught Error: ./app/login/LoginForm.tsx:184:13
Expression expected
  182 |             <Link>
  183 |             <Crown
> 184 |             </Link>
      |             ^
  185 |           </div>
  186 |         </CardContent>
  187 |       </Card>

Parsing ecmascript source code failed

Import trace:
  Server Component:
    ./app/login/LoginForm.tsx
    ./app/login/page.tsx


    at <unknown> (Error: ./app/login/LoginForm.tsx:184:13)
    at <unknown> (Error: (./app/login/LoginForm.tsx:184:13)
[browser] Uncaught Error: ./app/login/LoginForm.tsx:184:13
Expression expected
  182 |             <Link>
  183 |             <Crown
> 184 |             </Link>
      |             ^
  185 |           </div>
  186 |         </CardContent>
  187 |       </Card>

Parsing ecmascript source code failed

Import trace:
  Server Component:
    ./app/login/LoginForm.tsx
    ./app/login/page.tsx


    at <unknown> (Error: ./app/login/LoginForm.tsx:184:13)
    at <unknown> (Error: (./app/login/LoginForm.tsx:184:13)
[browser] ./app/login/LoginForm.tsx:184:13
Expression expected
  182 |             <Link>
  183 |             <Crown
> 184 |             </Link>
      |             ^
  185 |           </div>
  186 |         </CardContent>
  187 |       </Card>

Parsing ecmascript source code failed

Import trace:
  Server Component:
    ./app/login/LoginForm.tsx
    ./app/login/page.tsx 
[browser] ./app/login/LoginForm.tsx:184:14
Unterminated regexp literal
  182 |             <Link>
  183 |             <Crown
> 184 |             </Link>
      |              ^^^^^^
  185 |           </div>
  186 |         </CardContent>
  187 |       </Card>

Parsing ecmascript source code failed

Import trace:
  Server Component:
    ./app/login/LoginForm.tsx
    ./app/login/page.tsx 
[browser] ./app/login/LoginForm.tsx:184:13
Expression expected
  182 |             <Link>
  183 |             <Crown
> 184 |             </Link>
      |             ^
  185 |           </div>
  186 |         </CardContent>
  187 |       </Card>

Parsing ecmascript source code failed

Import trace:
  Server Component:
    ./app/login/LoginForm.tsx
    ./app/login/page.tsx 
[browser] ./app/login/LoginForm.tsx:184:14
Unterminated regexp literal
  182 |             <Link>
  183 |             <Crown
> 184 |             </Link>
      |              ^^^^^^
  185 |           </div>
  186 |         </CardContent>
  187 |       </Card>

Parsing ecmascript source code failed

Import trace:
  Server Component:
    ./app/login/LoginForm.tsx
    ./app/login/page.tsx 
[browser] ./app/login/LoginForm.tsx:185:13
Expression expected
  183 |             <Link>
  184 |             <CrownIcon
> 185 |             </Link>
      |             ^
  186 |           </div>
  187 |         </CardContent>
  188 |       </Card>

Parsing ecmascript source code failed

Import trace:
  Server Component:
    ./app/login/LoginForm.tsx
    ./app/login/page.tsx 
[browser] ./app/login/LoginForm.tsx:185:14
Unterminated regexp literal
  183 |             <Link>
  184 |             <CrownIcon
> 185 |             </Link>
      |              ^^^^^^
  186 |           </div>
  187 |         </CardContent>
  188 |       </Card>

Parsing ecmascript source code failed

Import trace:
  Server Component:
    ./app/login/LoginForm.tsx
    ./app/login/page.tsx 
⚠ Fast Refresh had to perform a full reload due to a runtime error.
⨯ Error: Failed prop type: The prop `href` expects a `string` or `object` in `<Link>`, but got `undefined` instead.
    at ignore-listed frames {
  digest: '2727755079@E319'
}
⨯ Error: Failed prop type: The prop `href` expects a `string` or `object` in `<Link>`, but got `undefined` instead.
    at ignore-listed frames {
  digest: '2727755079@E319'
}
⨯ Error: Failed prop type: The prop `href` expects a `string` or `object` in `<Link>`, but got `undefined` instead.
    at ignore-listed frames {
  digest: '2727755079@E319'
}
⚠ Fast Refresh had to perform a full reload due to a runtime error.
⨯ Error: Failed prop type: The prop `href` expects a `string` or `object` in `<Link>`, but got `undefined` instead.
    at ignore-listed frames {
  digest: '2727755079@E319'
}
⨯ Error: Failed prop type: The prop `href` expects a `string` or `object` in `<Link>`, but got `undefined` instead.
    at ignore-listed frames {
  digest: '2727755079@E319'
}
[browser] Uncaught Error: Failed prop type: The prop `href` expects a `string` or `object` in `<Link>`, but got `undefined` instead.
Open your browser's console to view the Component stack trace.
    at Array.forEach (<anonymous>)
    at LoginForm (app/login/LoginForm.tsx:183:13)
    at Login (app\login\page.tsx:6:7)
  181 |             </Link>
  182 |
> 183 |             <Link>
      |             ^
  184 |               <CrownIcon />
  185 |             </Link>
  186 |           </div>
⚠ Fast Refresh had to perform a full reload due to a runtime error.
⚠ Fast Refresh had to perform a full reload due to a runtime error.
[browser] Image with src "/sm-image.png" has either width or height modified, but not the other. If you use CSS to change the size of your image, also include the styles 'width: "auto"' or 'height: "auto"' to maintain the aspect ratio.
[browser] Detected `scroll-behavior: smooth` on the `<html>` element. To disable smooth scrolling during route transitions, add `data-scroll-behavior="smooth"` to your <html> element. Learn more: https://nextjs.org/docs/messages/missing-data-scroll-behavior
[browser] Image with src "/sm-image.png" has either width or height modified, but not the other. If you use CSS to change the size of your image, also include the styles 'width: "auto"' or 'height: "auto"' to maintain the aspect ratio.
[browser] Detected `scroll-behavior: smooth` on the `<html>` element. To disable smooth scrolling during route transitions, add `data-scroll-behavior="smooth"` to your <html> element. Learn more: https://nextjs.org/docs/messages/missing-data-scroll-behavior
⚠ Fast Refresh had to perform a full reload when ./node_modules/next/dist/client/image-component.js changed. Read more: https://nextjs.org/docs/messages/fast-refresh-reload
⚠ Fast Refresh had to perform a full reload when ./node_modules/next/dist/client/image-component.js changed. Read more: https://nextjs.org/docs/messages/fast-refresh-reload
[browser] Detected `scroll-behavior: smooth` on the `<html>` element. To disable smooth scrolling during route transitions, add `data-scroll-behavior="smooth"` to your <html> element. Learn more: https://nextjs.org/docs/messages/missing-data-scroll-behavior
[browser] Image with src "/sm-image.png" has either width or height modified, but not the other. If you use CSS to change the size of your image, also include the styles 'width: "auto"' or 'height: "auto"' to maintain the aspect ratio.
[browser] Detected `scroll-behavior: smooth` on the `<html>` element. To disable smooth scrolling during route transitions, add `data-scroll-behavior="smooth"` to your <html> element. Learn more: https://nextjs.org/docs/messages/missing-data-scroll-behavior
