
> sugarmimo-frontend@0.1.0 dev
> next dev

▲ Next.js 16.2.9 (Turbopack)
- Local:         http://localhost:3000
- Network:       http://192.168.15.4:3000
- Environments: .env.local
✓ Ready in 569ms

 GET /login 200 in 913ms (next.js: 575ms, application-code: 338ms)
 GET /chat 200 in 165ms (next.js: 47ms, application-code: 118ms)
 GET /api/chat/conversations 401 in 103ms (next.js: 82ms, application-code: 21ms)
 POST /api/auth/login 401 in 202ms (next.js: 44ms, application-code: 157ms)
 POST /api/auth/login 200 in 90ms (next.js: 4ms, application-code: 86ms)
 GET /perfil 200 in 117ms (next.js: 86ms, application-code: 31ms)
 GET /api/auth/me 200 in 208ms (next.js: 50ms, application-code: 158ms)
 GET /api/auth/me 200 in 82ms (next.js: 6ms, application-code: 76ms)
 GET /api/auth/me 200 in 87ms (next.js: 4ms, application-code: 83ms)
 GET /chat 200 in 30ms (next.js: 7ms, application-code: 23ms)
 GET /api/chat/conversations 200 in 121ms (next.js: 5ms, application-code: 116ms)
 GET /api/chat/conversations 200 in 128ms (next.js: 4ms, application-code: 124ms)
 GET /perfil 200 in 26ms (next.js: 5ms, application-code: 21ms)
 GET /api/auth/me 200 in 74ms (next.js: 4ms, application-code: 70ms)
 GET /api/auth/me 200 in 84ms (next.js: 4ms, application-code: 80ms)
 POST /api/auth/logout 200 in 46ms (next.js: 35ms, application-code: 11ms)
 GET /api/auth/me 401 in 12ms (next.js: 5ms, application-code: 7ms)
 GET /login 200 in 31ms (next.js: 5ms, application-code: 26ms)
 POST /api/auth/login 401 in 73ms (next.js: 5ms, application-code: 68ms)
 GET / 200 in 197ms (next.js: 50ms, application-code: 147ms)
 GET /wallpaper-marble.jpg 404 in 88ms (next.js: 38ms, application-code: 50ms)
 GET /admin/login 200 in 109ms (next.js: 37ms, application-code: 72ms)
 GET /admin/approvals 200 in 56ms (next.js: 35ms, application-code: 21ms)
 POST /api/auth/login 200 in 81ms (next.js: 4ms, application-code: 76ms)
 GET /perfil 200 in 30ms (next.js: 6ms, application-code: 23ms)
 GET /api/auth/me 200 in 66ms (next.js: 4ms, application-code: 62ms)
 GET /api/auth/me 200 in 85ms (next.js: 5ms, application-code: 80ms)
 GET /api/auth/me 200 in 87ms (next.js: 4ms, application-code: 83ms)
 GET /buscar 200 in 58ms (next.js: 33ms, application-code: 25ms)
 GET /chat 200 in 30ms (next.js: 5ms, application-code: 25ms)
 GET /api/chat/conversations 200 in 120ms (next.js: 4ms, application-code: 115ms)
 GET /api/chat/conversations 200 in 128ms (next.js: 4ms, application-code: 124ms)
 GET /buscar 200 in 31ms (next.js: 5ms, application-code: 26ms)
 GET /chat 200 in 27ms (next.js: 5ms, application-code: 21ms)
 GET /api/chat/conversations 200 in 123ms (next.js: 4ms, application-code: 119ms)
 GET /api/chat/conversations 200 in 129ms (next.js: 4ms, application-code: 125ms)
 GET /api/chat/conversations 200 in 111ms (next.js: 4ms, application-code: 107ms)
 GET /api/chat/conversations 200 in 112ms (next.js: 3ms, application-code: 108ms)
 GET /api/chat/conversations 200 in 110ms (next.js: 4ms, application-code: 106ms)
 GET /api/chat/conversations 200 in 109ms (next.js: 4ms, application-code: 105ms)
 GET /api/chat/conversations 200 in 109ms (next.js: 4ms, application-code: 105ms)
 GET /api/chat/conversations 200 in 113ms (next.js: 3ms, application-code: 110ms)
 GET /api/chat/conversations 200 in 123ms (next.js: 5ms, application-code: 119ms)
 GET /api/chat/conversations 200 in 112ms (next.js: 5ms, application-code: 108ms)
 GET /api/chat/conversations 200 in 113ms (next.js: 4ms, application-code: 109ms)
 GET /api/chat/conversations 200 in 113ms (next.js: 4ms, application-code: 109ms)
 GET /api/chat/conversations 200 in 122ms (next.js: 4ms, application-code: 117ms)
 GET /api/chat/conversations 200 in 124ms (next.js: 5ms, application-code: 119ms)
 GET /api/chat/conversations 200 in 127ms (next.js: 5ms, application-code: 122ms)
 GET /api/chat/conversations 200 in 121ms (next.js: 7ms, application-code: 114ms)
 GET /api/chat/conversations 200 in 125ms (next.js: 5ms, application-code: 120ms)
 GET /api/chat/conversations 200 in 113ms (next.js: 4ms, application-code: 109ms)
 GET /api/chat/conversations 200 in 128ms (next.js: 4ms, application-code: 124ms)
 GET /api/chat/conversations 200 in 124ms (next.js: 5ms, application-code: 118ms)
 GET /api/chat/conversations 200 in 115ms (next.js: 6ms, application-code: 109ms)
 GET /api/chat/conversations 200 in 121ms (next.js: 6ms, application-code: 115ms)
 GET /api/chat/conversations 200 in 124ms (next.js: 5ms, application-code: 118ms)
 GET /api/chat/conversations 200 in 122ms (next.js: 4ms, application-code: 118ms)
 GET /api/chat/conversations 200 in 121ms (next.js: 4ms, application-code: 117ms)
 GET /api/chat/conversations 200 in 123ms (next.js: 4ms, application-code: 118ms)
 GET /api/chat/conversations 200 in 122ms (next.js: 5ms, application-code: 117ms)
 GET /api/chat/conversations 200 in 125ms (next.js: 5ms, application-code: 120ms)
 GET /api/chat/conversations 200 in 123ms (next.js: 4ms, application-code: 120ms)
 GET /api/chat/conversations 200 in 111ms (next.js: 5ms, application-code: 106ms)
 GET /api/chat/conversations 200 in 121ms (next.js: 4ms, application-code: 117ms)
 GET /api/chat/conversations 200 in 122ms (next.js: 4ms, application-code: 118ms)
 GET /api/chat/conversations 200 in 123ms (next.js: 6ms, application-code: 116ms)
 GET /api/chat/conversations 200 in 128ms (next.js: 5ms, application-code: 123ms)
 GET /api/chat/conversations 200 in 110ms (next.js: 5ms, application-code: 105ms)
 GET /api/chat/conversations 200 in 124ms (next.js: 5ms, application-code: 118ms)
 GET /api/chat/conversations 200 in 124ms (next.js: 4ms, application-code: 120ms)
 GET /api/chat/conversations 200 in 121ms (next.js: 3ms, application-code: 118ms)
 GET /api/chat/conversations 200 in 125ms (next.js: 6ms, application-code: 119ms)
 GET /api/chat/conversations 200 in 126ms (next.js: 5ms, application-code: 121ms)
 GET /api/chat/conversations 200 in 113ms (next.js: 5ms, application-code: 108ms)
 GET /api/chat/conversations 200 in 123ms (next.js: 4ms, application-code: 119ms)
 GET /api/chat/conversations 200 in 122ms (next.js: 4ms, application-code: 118ms)
 GET /api/chat/conversations 200 in 123ms (next.js: 5ms, application-code: 118ms)
 GET /api/chat/conversations 200 in 126ms (next.js: 6ms, application-code: 120ms)
 GET /api/chat/conversations 200 in 114ms (next.js: 5ms, application-code: 108ms)
 GET /api/chat/conversations 200 in 114ms (next.js: 6ms, application-code: 108ms)
 GET /api/chat/conversations 200 in 125ms (next.js: 5ms, application-code: 121ms)
 GET /api/chat/conversations 200 in 121ms (next.js: 6ms, application-code: 114ms)
 GET /api/chat/conversations 200 in 112ms (next.js: 5ms, application-code: 107ms)
 GET /api/chat/conversations 200 in 114ms (next.js: 5ms, application-code: 109ms)
 GET /api/chat/conversations 200 in 125ms (next.js: 4ms, application-code: 121ms)
 GET /api/chat/conversations 200 in 111ms (next.js: 6ms, application-code: 105ms)
 GET /api/chat/conversations 200 in 122ms (next.js: 5ms, application-code: 117ms)
 GET /api/chat/conversations 200 in 117ms (next.js: 5ms, application-code: 112ms)
 GET /api/chat/conversations 200 in 121ms (next.js: 5ms, application-code: 116ms)
 GET /api/chat/conversations 200 in 124ms (next.js: 5ms, application-code: 119ms)
 GET /api/chat/conversations 200 in 123ms (next.js: 5ms, application-code: 118ms)
 GET /api/chat/conversations 200 in 125ms (next.js: 6ms, application-code: 119ms)
 GET /api/chat/conversations 200 in 110ms (next.js: 5ms, application-code: 106ms)
 GET /api/chat/conversations 200 in 123ms (next.js: 4ms, application-code: 118ms)
 GET /api/chat/conversations 200 in 124ms (next.js: 5ms, application-code: 120ms)
 GET /api/chat/conversations 200 in 108ms (next.js: 4ms, application-code: 104ms)
 GET /api/chat/conversations 200 in 127ms (next.js: 5ms, application-code: 122ms)
 GET /api/chat/conversations 200 in 122ms (next.js: 5ms, application-code: 117ms)
 GET /api/chat/conversations 200 in 123ms (next.js: 5ms, application-code: 118ms)
 GET /api/chat/conversations 200 in 124ms (next.js: 6ms, application-code: 118ms)
 GET /api/chat/conversations 200 in 122ms (next.js: 5ms, application-code: 117ms)
 GET /api/chat/conversations 200 in 126ms (next.js: 5ms, application-code: 121ms)
 GET /api/chat/conversations 200 in 107ms (next.js: 5ms, application-code: 102ms)
 GET /api/chat/conversations 200 in 122ms (next.js: 4ms, application-code: 118ms)
 GET /api/chat/conversations 200 in 114ms (next.js: 5ms, application-code: 109ms)
 GET /api/chat/conversations 200 in 124ms (next.js: 5ms, application-code: 119ms)
 GET /api/chat/conversations 200 in 120ms (next.js: 4ms, application-code: 116ms)
 GET /api/chat/conversations 200 in 127ms (next.js: 5ms, application-code: 122ms)
 GET /api/chat/conversations 200 in 124ms (next.js: 4ms, application-code: 120ms)
 GET /api/chat/conversations 200 in 110ms (next.js: 5ms, application-code: 105ms)
 GET /api/chat/conversations 200 in 122ms (next.js: 6ms, application-code: 116ms)
 GET /api/chat/conversations 200 in 127ms (next.js: 4ms, application-code: 124ms)
 GET /api/chat/conversations 200 in 111ms (next.js: 5ms, application-code: 106ms)
 GET /api/chat/conversations 200 in 123ms (next.js: 4ms, application-code: 119ms)
 GET /api/chat/conversations 200 in 125ms (next.js: 4ms, application-code: 122ms)
 GET /api/chat/conversations 200 in 127ms (next.js: 5ms, application-code: 122ms)
 GET /api/chat/conversations 200 in 125ms (next.js: 5ms, application-code: 120ms)
 GET /api/chat/conversations 200 in 109ms (next.js: 4ms, application-code: 106ms)
 GET /api/chat/conversations 200 in 110ms (next.js: 3ms, application-code: 106ms)
 GET /api/chat/conversations 200 in 123ms (next.js: 4ms, application-code: 119ms)
 GET /api/chat/conversations 200 in 123ms (next.js: 3ms, application-code: 120ms)
 GET /api/chat/conversations 200 in 123ms (next.js: 4ms, application-code: 119ms)
 GET /api/chat/conversations 200 in 124ms (next.js: 4ms, application-code: 120ms)
 GET /api/chat/conversations 200 in 123ms (next.js: 4ms, application-code: 119ms)
 GET /api/chat/conversations 200 in 124ms (next.js: 4ms, application-code: 121ms)
 GET /api/chat/conversations 200 in 119ms (next.js: 4ms, application-code: 116ms)
 GET /api/chat/conversations 200 in 122ms (next.js: 4ms, application-code: 118ms)
 GET /api/chat/conversations 200 in 121ms (next.js: 4ms, application-code: 117ms)
 GET /api/chat/conversations 200 in 111ms (next.js: 4ms, application-code: 107ms)
 GET /api/chat/conversations 200 in 123ms (next.js: 5ms, application-code: 119ms)
 GET /api/chat/conversations 200 in 111ms (next.js: 4ms, application-code: 107ms)
 GET /api/chat/conversations 200 in 110ms (next.js: 5ms, application-code: 105ms)
 GET /api/chat/conversations 200 in 124ms (next.js: 5ms, application-code: 119ms)
 GET /api/chat/conversations 200 in 123ms (next.js: 4ms, application-code: 118ms)
 GET /api/chat/conversations 200 in 122ms (next.js: 6ms, application-code: 117ms)
 GET /api/chat/conversations 200 in 122ms (next.js: 5ms, application-code: 117ms)
 GET /api/chat/conversations 200 in 124ms (next.js: 4ms, application-code: 119ms)
 GET /api/chat/conversations 200 in 111ms (next.js: 4ms, application-code: 107ms)
 GET /api/chat/conversations 200 in 110ms (next.js: 5ms, application-code: 105ms)
 GET /api/chat/conversations 200 in 120ms (next.js: 4ms, application-code: 116ms)
 GET /api/chat/conversations 200 in 126ms (next.js: 5ms, application-code: 121ms)
 GET /api/chat/conversations 200 in 111ms (next.js: 5ms, application-code: 106ms)
 GET /api/chat/conversations 200 in 128ms (next.js: 5ms, application-code: 123ms)
 GET /api/chat/conversations 200 in 126ms (next.js: 5ms, application-code: 121ms)
 GET /api/chat/conversations 200 in 122ms (next.js: 4ms, application-code: 117ms)
 GET /api/chat/conversations 200 in 123ms (next.js: 5ms, application-code: 118ms)
 GET /api/chat/conversations 200 in 123ms (next.js: 5ms, application-code: 119ms)
 GET /api/chat/conversations 200 in 113ms (next.js: 5ms, application-code: 108ms)
 GET /api/chat/conversations 200 in 128ms (next.js: 6ms, application-code: 122ms)
 GET /api/chat/conversations 200 in 131ms (next.js: 4ms, application-code: 126ms)
 GET /api/chat/conversations 200 in 124ms (next.js: 4ms, application-code: 119ms)
 GET /api/chat/conversations 200 in 109ms (next.js: 4ms, application-code: 105ms)
 GET /api/chat/conversations 200 in 117ms (next.js: 6ms, application-code: 112ms)
 GET /api/chat/conversations 200 in 124ms (next.js: 4ms, application-code: 120ms)
 GET /api/chat/conversations 200 in 109ms (next.js: 5ms, application-code: 104ms)
 GET /api/chat/conversations 200 in 125ms (next.js: 4ms, application-code: 122ms)
 GET /api/chat/conversations 200 in 120ms (next.js: 4ms, application-code: 115ms)
 GET /api/chat/conversations 200 in 123ms (next.js: 4ms, application-code: 119ms)
 GET /api/chat/conversations 200 in 107ms (next.js: 3ms, application-code: 104ms)
 GET /api/chat/conversations 200 in 108ms (next.js: 3ms, application-code: 105ms)
 GET /api/chat/conversations 200 in 113ms (next.js: 5ms, application-code: 108ms)
 GET /api/chat/conversations 200 in 123ms (next.js: 4ms, application-code: 119ms)
 GET /api/chat/conversations 200 in 123ms (next.js: 4ms, application-code: 118ms)
 GET /api/chat/conversations 200 in 122ms (next.js: 4ms, application-code: 119ms)
 GET /api/chat/conversations 200 in 112ms (next.js: 5ms, application-code: 106ms)
 GET /api/chat/conversations 200 in 125ms (next.js: 4ms, application-code: 121ms)
 GET /api/chat/conversations 200 in 111ms (next.js: 5ms, application-code: 106ms)
 GET /api/chat/conversations 200 in 121ms (next.js: 3ms, application-code: 118ms)
 GET /api/chat/conversations 200 in 125ms (next.js: 5ms, application-code: 120ms)
 GET /api/chat/conversations 200 in 123ms (next.js: 4ms, application-code: 120ms)
 GET /api/chat/conversations 200 in 111ms (next.js: 5ms, application-code: 106ms)
 GET /api/chat/conversations 200 in 111ms (next.js: 4ms, application-code: 107ms)
 GET /api/chat/conversations 200 in 110ms (next.js: 4ms, application-code: 106ms)
 GET /api/chat/conversations 200 in 122ms (next.js: 4ms, application-code: 118ms)
 GET /api/chat/conversations 200 in 111ms (next.js: 5ms, application-code: 106ms)
 GET /api/chat/conversations 200 in 125ms (next.js: 3ms, application-code: 122ms)
 GET /api/chat/conversations 200 in 110ms (next.js: 5ms, application-code: 105ms)
 GET /api/chat/conversations 200 in 124ms (next.js: 5ms, application-code: 119ms)
 GET /api/chat/conversations 200 in 120ms (next.js: 5ms, application-code: 115ms)
 GET /api/chat/conversations 200 in 125ms (next.js: 4ms, application-code: 121ms)
 GET /api/chat/conversations 200 in 115ms (next.js: 5ms, application-code: 110ms)
 GET /api/chat/conversations 200 in 123ms (next.js: 4ms, application-code: 119ms)
 GET /api/chat/conversations 200 in 109ms (next.js: 4ms, application-code: 104ms)
 GET /api/chat/conversations 200 in 125ms (next.js: 5ms, application-code: 119ms)
 GET /api/chat/conversations 200 in 123ms (next.js: 5ms, application-code: 118ms)
 GET /api/chat/conversations 200 in 125ms (next.js: 5ms, application-code: 119ms)
 GET /api/chat/conversations 200 in 107ms (next.js: 5ms, application-code: 103ms)
 GET /api/chat/conversations 200 in 124ms (next.js: 4ms, application-code: 120ms)
 GET / 200 in 277ms (next.js: 13ms, application-code: 264ms)
 GET /wallpaper-marble.jpg 404 in 148ms (next.js: 13ms, application-code: 135ms)
 GET / 200 in 159ms (next.js: 9ms, application-code: 150ms)
 GET /wallpaper-marble.jpg 404 in 131ms (next.js: 15ms, application-code: 116ms)
✓ Compiled in 559ms
[?25h
