
> sugarmimo-frontend@0.1.0 dev
> next dev --port 3000

▲ Next.js 16.2.9 (Turbopack)
- Local:         http://localhost:3000
- Network:       http://192.168.15.4:3000
- Environments: .env.local
✓ Ready in 680ms

 GET /login 200 in 1292ms (next.js: 729ms, application-code: 562ms)
 GET /perfil 200 in 1323ms (next.js: 993ms, application-code: 330ms)
 GET /api/auth/me 500 in 179ms (next.js: 104ms, application-code: 74ms)
 GET /api/auth/me 500 in 34ms (next.js: 6ms, application-code: 28ms)
 GET /login 200 in 76ms (next.js: 19ms, application-code: 57ms)
 GET /register 200 in 173ms (next.js: 58ms, application-code: 115ms)
 GET /register/basic-info 200 in 111ms (next.js: 52ms, application-code: 59ms)
 GET /register 200 in 54ms (next.js: 5ms, application-code: 49ms)
 GET /register/basic-info 200 in 35ms (next.js: 7ms, application-code: 29ms)
 GET /api/auth/availability?username=babydemo46117947&email=babydemo46117947%40example.com 200 in 94ms (next.js: 50ms, application-code: 43ms)
 GET /api/auth/availability?username=babydemo46117947&email=babydemo46117947%40example.com 200 in 24ms (next.js: 6ms, application-code: 19ms)
 GET /register/how-you-are 200 in 66ms (next.js: 38ms, application-code: 27ms)
 GET /register/almost-there 200 in 77ms (next.js: 49ms, application-code: 28ms)
 GET /register/profile-photos 200 in 63ms (next.js: 42ms, application-code: 21ms)
 GET /register 200 in 25ms (next.js: 5ms, application-code: 21ms)
 GET /register/basic-info 200 in 34ms (next.js: 7ms, application-code: 27ms)
 GET /api/auth/availability?username=babydemo46117947&email=babydemo46117947%40example.com 200 in 20ms (next.js: 4ms, application-code: 16ms)
 GET /api/auth/availability?username=babydemo46117947&email=babydemo46117947%40example.com 200 in 21ms (next.js: 3ms, application-code: 18ms)
 GET /register/how-you-are 200 in 34ms (next.js: 6ms, application-code: 28ms)
 GET /register/almost-there 200 in 40ms (next.js: 7ms, application-code: 33ms)
 GET /register/social-contacts 200 in 72ms (next.js: 47ms, application-code: 25ms)
 GET /register/profile-photos 200 in 33ms (next.js: 7ms, application-code: 27ms)
 POST /api/auth/register 200 in 402ms (next.js: 37ms, application-code: 365ms)
 GET /register/pending-approval 200 in 128ms (next.js: 36ms, application-code: 92ms)
 GET /register 200 in 29ms (next.js: 5ms, application-code: 23ms)
 GET /register/basic-info 200 in 43ms (next.js: 8ms, application-code: 35ms)
 GET /api/auth/availability?username=teste3&email=teste3%40teste.com 200 in 19ms (next.js: 3ms, application-code: 15ms)
 GET /api/auth/availability?username=teste4&email=teste3%40teste.com 200 in 18ms (next.js: 4ms, application-code: 14ms)
 GET /api/auth/availability?username=teste4&email=teste4%40teste.com 200 in 18ms (next.js: 4ms, application-code: 14ms)
 GET /api/auth/availability?username=teste4&email=teste4%40teste.com 200 in 14ms (next.js: 3ms, application-code: 11ms)
 GET /register/how-you-are 200 in 27ms (next.js: 6ms, application-code: 21ms)
 GET /register/almost-there 200 in 24ms (next.js: 6ms, application-code: 18ms)
 GET /register/social-contacts 200 in 26ms (next.js: 5ms, application-code: 21ms)
 GET /register/profile-photos 200 in 25ms (next.js: 5ms, application-code: 20ms)
 POST /api/auth/register 200 in 418ms (next.js: 4ms, application-code: 414ms)
 GET /api/auth/me 200 in 46ms (next.js: 5ms, application-code: 41ms)
 GET /api/auth/me 200 in 50ms (next.js: 22ms, application-code: 29ms)
 GET /register/pending-approval 200 in 82ms (next.js: 6ms, application-code: 77ms)
 GET /register/pending-approval 200 in 84ms (next.js: 30ms, application-code: 55ms)
 GET /register/pending-approval 200 in 43ms (next.js: 6ms, application-code: 37ms)
 GET /register/basic-info 200 in 101ms (next.js: 7ms, application-code: 93ms)
 GET /register/basic-info 200 in 71ms (next.js: 7ms, application-code: 64ms)
 GET /register/pending-approval 200 in 71ms (next.js: 39ms, application-code: 32ms)
 GET /register 200 in 78ms (next.js: 6ms, application-code: 71ms)
 GET /register 200 in 78ms (next.js: 55ms, application-code: 23ms)
 GET /register/pending-approval 200 in 80ms (next.js: 29ms, application-code: 51ms)
 GET /register/pending-approval 200 in 32ms (next.js: 6ms, application-code: 26ms)
 GET /login 200 in 23ms (next.js: 5ms, application-code: 18ms)
 GET /register/pending-approval 200 in 28ms (next.js: 6ms, application-code: 22ms)
 GET /login 200 in 23ms (next.js: 5ms, application-code: 17ms)
 GET /register/pending-approval 200 in 39ms (next.js: 7ms, application-code: 32ms)
 GET /login 200 in 23ms (next.js: 4ms, application-code: 19ms)
 GET /register/pending-approval 200 in 34ms (next.js: 6ms, application-code: 29ms)
 GET /login 200 in 22ms (next.js: 4ms, application-code: 18ms)
 GET /register/pending-approval 200 in 31ms (next.js: 6ms, application-code: 25ms)
✓ Compiled in 268ms
 GET /register/pending-approval 200 in 1171ms (next.js: 161ms, application-code: 1010ms)
 GET /register/pending-approval 200 in 727ms (next.js: 263ms, application-code: 465ms)
 GET /register/pending-approval 200 in 287ms (next.js: 70ms, application-code: 217ms)
 GET /register/pending-approval 200 in 292ms (next.js: 39ms, application-code: 254ms)
 GET /register/pending-approval 200 in 290ms (next.js: 110ms, application-code: 180ms)
 GET /register/pending-approval 200 in 288ms (next.js: 132ms, application-code: 156ms)
 GET /register/pending-approval 200 in 766ms (next.js: 130ms, application-code: 636ms)
 GET /login 200 in 767ms (next.js: 189ms, application-code: 578ms)
 GET /register/pending-approval 200 in 764ms (next.js: 313ms, application-code: 451ms)
 GET /register/pending-approval 200 in 768ms (next.js: 231ms, application-code: 537ms)
 GET /register/pending-approval 200 in 767ms (next.js: 362ms, application-code: 405ms)
 GET /register/pending-approval 200 in 775ms (next.js: 287ms, application-code: 489ms)
 GET /register/pending-approval 200 in 374ms (next.js: 15ms, application-code: 359ms)
 GET /login 200 in 374ms (next.js: 76ms, application-code: 299ms)
 GET /login 200 in 254ms (next.js: 11ms, application-code: 244ms)
 GET /login 200 in 198ms (next.js: 10ms, application-code: 188ms)
 GET /login 200 in 199ms (next.js: 44ms, application-code: 154ms)
 GET /login 200 in 73ms (next.js: 14ms, application-code: 60ms)
 GET /register/pending-approval 200 in 130ms (next.js: 5ms, application-code: 125ms)
 POST /api/auth/logout 200 in 73ms (next.js: 58ms, application-code: 15ms)
 GET /api/auth/me 401 in 54ms (next.js: 44ms, application-code: 10ms)
 GET /login 200 in 32ms (next.js: 6ms, application-code: 25ms)
 GET /admin/login 200 in 158ms (next.js: 46ms, application-code: 113ms)
 GET /register/pending-approval 200 in 54ms (next.js: 9ms, application-code: 45ms)
 POST /api/auth/logout 200 in 29ms (next.js: 4ms, application-code: 25ms)
 GET /api/auth/me 401 in 16ms (next.js: 5ms, application-code: 10ms)
 GET /login 200 in 29ms (next.js: 6ms, application-code: 23ms)
 GET /admin/login 200 in 51ms (next.js: 5ms, application-code: 47ms)
 GET /admin/approvals 200 in 66ms (next.js: 41ms, application-code: 25ms)
 GET /admin/login 200 in 27ms (next.js: 5ms, application-code: 22ms)
✓ Compiled in 64ms
 GET /login 200 in 330ms (next.js: 98ms, application-code: 232ms)
 GET /login 200 in 338ms (next.js: 142ms, application-code: 196ms)
 GET /admin/login 200 in 138ms (next.js: 70ms, application-code: 69ms)
✓ Compiled in 75ms
 GET /login 200 in 306ms (next.js: 98ms, application-code: 208ms)
 GET /admin/login 200 in 308ms (next.js: 246ms, application-code: 62ms)
 GET /login 200 in 310ms (next.js: 145ms, application-code: 165ms)
✓ Compiled in 69ms
 GET /login 200 in 315ms (next.js: 84ms, application-code: 230ms)
 GET /login 200 in 317ms (next.js: 134ms, application-code: 184ms)
 GET /admin/login 200 in 162ms (next.js: 95ms, application-code: 67ms)
✓ Compiled in 60ms
 GET /login 200 in 317ms (next.js: 97ms, application-code: 220ms)
 GET /login 200 in 316ms (next.js: 141ms, application-code: 175ms)
 GET /admin/login 200 in 181ms (next.js: 124ms, application-code: 58ms)
✓ Compiled in 77ms
 GET /login 500 in 455ms (next.js: 232ms, application-code: 223ms)
 GET /login 500 in 533ms (next.js: 415ms, application-code: 118ms)
 GET /admin/login 500 in 536ms (next.js: 436ms, application-code: 100ms)
 GET /admin/login 500 in 530ms (next.js: 445ms, application-code: 85ms)
 GET /login 500 in 125ms (next.js: 60ms, application-code: 65ms)
 GET /login 500 in 125ms (next.js: 73ms, application-code: 52ms)
 GET /login 500 in 131ms (next.js: 73ms, application-code: 58ms)
 GET /admin/login 500 in 131ms (next.js: 89ms, application-code: 43ms)
 GET /login 500 in 123ms (next.js: 98ms, application-code: 25ms)
✓ Compiled in 125ms
 GET /login 200 in 692ms (next.js: 116ms, application-code: 576ms)
 GET /login 200 in 356ms (next.js: 11ms, application-code: 345ms)
 GET /admin/login 200 in 357ms (next.js: 112ms, application-code: 245ms)
✓ Compiled in 71ms
 GET /login 500 in 138ms (next.js: 58ms, application-code: 81ms)
 GET /login 500 in 140ms (next.js: 73ms, application-code: 67ms)
 GET /admin/login 500 in 141ms (next.js: 89ms, application-code: 52ms)
 GET /admin/login 500 in 141ms (next.js: 105ms, application-code: 36ms)
 GET /login 500 in 150ms (next.js: 63ms, application-code: 87ms)
 GET /login 500 in 150ms (next.js: 79ms, application-code: 71ms)
 GET /login 500 in 148ms (next.js: 93ms, application-code: 56ms)
 GET /login 500 in 127ms (next.js: 90ms, application-code: 37ms)
 GET /admin/login 500 in 127ms (next.js: 107ms, application-code: 20ms)
✓ Compiled in 105ms
 GET /login 200 in 719ms (next.js: 127ms, application-code: 592ms)
 GET /login 200 in 340ms (next.js: 13ms, application-code: 327ms)
 GET /admin/login 200 in 341ms (next.js: 131ms, application-code: 210ms)
✓ Compiled in 50ms
 GET /login 200 in 303ms (next.js: 78ms, application-code: 225ms)
 GET /login 200 in 305ms (next.js: 118ms, application-code: 186ms)
 GET /admin/login 200 in 153ms (next.js: 99ms, application-code: 54ms)
✓ Compiled in 52ms
 GET /login 200 in 341ms (next.js: 96ms, application-code: 244ms)
 GET /admin/login 200 in 198ms (next.js: 123ms, application-code: 74ms)
 GET /login 200 in 201ms (next.js: 8ms, application-code: 193ms)
✓ Compiled in 142ms
 GET /login 200 in 293ms (next.js: 93ms, application-code: 200ms)
 GET /login 200 in 294ms (next.js: 129ms, application-code: 164ms)
 GET /admin/login 200 in 295ms (next.js: 225ms, application-code: 70ms)
✓ Compiled in 54ms
 GET /login 200 in 303ms (next.js: 90ms, application-code: 213ms)
 GET /login 200 in 303ms (next.js: 132ms, application-code: 171ms)
 GET /admin/login 200 in 137ms (next.js: 77ms, application-code: 59ms)
✓ Compiled in 61ms
 GET /login 200 in 315ms (next.js: 89ms, application-code: 226ms)
 GET /login 200 in 318ms (next.js: 136ms, application-code: 182ms)
 GET /admin/login 200 in 198ms (next.js: 118ms, application-code: 80ms)
✓ Compiled in 61ms
 GET /login 500 in 88ms (next.js: 47ms, application-code: 41ms)
 GET /login 500 in 107ms (next.js: 60ms, application-code: 47ms)
 GET /admin/login 500 in 108ms (next.js: 75ms, application-code: 33ms)
 GET /admin/login 500 in 101ms (next.js: 81ms, application-code: 20ms)
 GET /login 500 in 116ms (next.js: 49ms, application-code: 67ms)
 GET /login 500 in 117ms (next.js: 61ms, application-code: 56ms)
 GET /admin/login 500 in 115ms (next.js: 73ms, application-code: 42ms)
 GET /login 500 in 115ms (next.js: 86ms, application-code: 29ms)
 GET /login 500 in 115ms (next.js: 99ms, application-code: 17ms)
✓ Compiled in 107ms
 GET /login 200 in 515ms (next.js: 99ms, application-code: 416ms)
 GET /admin/login 200 in 413ms (next.js: 206ms, application-code: 208ms)
 GET /login 200 in 417ms (next.js: 81ms, application-code: 336ms)
 GET /login 200 in 418ms (next.js: 116ms, application-code: 302ms)
✓ Compiled in 52ms
 GET /login 200 in 284ms (next.js: 92ms, application-code: 192ms)
 GET /login 200 in 286ms (next.js: 134ms, application-code: 152ms)
 GET /admin/login 200 in 130ms (next.js: 77ms, application-code: 53ms)
✓ Compiled in 61ms
 GET /login 500 in 114ms (next.js: 55ms, application-code: 59ms)
 GET /login 500 in 115ms (next.js: 69ms, application-code: 46ms)
 GET /admin/login 500 in 115ms (next.js: 83ms, application-code: 32ms)
 GET /admin/login 500 in 102ms (next.js: 81ms, application-code: 21ms)
 GET /login 500 in 176ms (next.js: 79ms, application-code: 97ms)
 GET /login 500 in 176ms (next.js: 96ms, application-code: 79ms)
 GET /login 500 in 174ms (next.js: 109ms, application-code: 65ms)
 GET /login 500 in 173ms (next.js: 127ms, application-code: 46ms)
 GET /admin/login 500 in 156ms (next.js: 132ms, application-code: 24ms)
✓ Compiled in 54ms
 GET /admin/login 200 in 341ms (next.js: 135ms, application-code: 206ms)
 GET /login 200 in 590ms (next.js: 245ms, application-code: 345ms)
 GET /login 200 in 201ms (next.js: 29ms, application-code: 172ms)
 GET /admin/login 200 in 203ms (next.js: 59ms, application-code: 144ms)
✓ Compiled in 46ms
 GET /login 200 in 302ms (next.js: 100ms, application-code: 202ms)
 GET /login 200 in 303ms (next.js: 149ms, application-code: 154ms)
 GET /admin/login 200 in 123ms (next.js: 78ms, application-code: 46ms)
✓ Compiled in 63ms
 GET /login 200 in 307ms (next.js: 140ms, application-code: 167ms)
 GET /login 200 in 310ms (next.js: 91ms, application-code: 219ms)
 GET /admin/login 200 in 152ms (next.js: 94ms, application-code: 58ms)
✓ Compiled in 64ms
 GET /login 200 in 316ms (next.js: 147ms, application-code: 170ms)
 GET /login 200 in 320ms (next.js: 105ms, application-code: 215ms)
 GET /admin/login 200 in 320ms (next.js: 257ms, application-code: 63ms)
✓ Compiled in 54ms
 GET /login 200 in 280ms (next.js: 84ms, application-code: 196ms)
 GET /login 200 in 282ms (next.js: 120ms, application-code: 162ms)
 GET /admin/login 200 in 131ms (next.js: 77ms, application-code: 54ms)
✓ Compiled in 55ms
 GET /login 200 in 280ms (next.js: 90ms, application-code: 190ms)
 GET /login 200 in 281ms (next.js: 123ms, application-code: 158ms)
 GET /admin/login 200 in 117ms (next.js: 70ms, application-code: 47ms)
✓ Compiled in 54ms
 GET /login 200 in 317ms (next.js: 86ms, application-code: 231ms)
 GET /login 200 in 318ms (next.js: 125ms, application-code: 193ms)
 GET /admin/login 200 in 153ms (next.js: 91ms, application-code: 63ms)
✓ Compiled in 57ms
 GET /login 200 in 310ms (next.js: 88ms, application-code: 223ms)
 GET /login 200 in 311ms (next.js: 139ms, application-code: 172ms)
 GET /admin/login 200 in 146ms (next.js: 88ms, application-code: 58ms)
✓ Compiled in 50ms
 GET /login 200 in 297ms (next.js: 88ms, application-code: 209ms)
 GET /login 200 in 298ms (next.js: 127ms, application-code: 171ms)
 GET /admin/login 200 in 129ms (next.js: 84ms, application-code: 45ms)
 GET /login 200 in 253ms (next.js: 139ms, application-code: 114ms)
 GET /login 200 in 250ms (next.js: 209ms, application-code: 41ms)
 GET /login 200 in 187ms (next.js: 106ms, application-code: 81ms)
 GET /login 200 in 188ms (next.js: 147ms, application-code: 41ms)
 GET /login 200 in 173ms (next.js: 73ms, application-code: 100ms)
 GET /login 200 in 174ms (next.js: 126ms, application-code: 48ms)
 GET /login 200 in 203ms (next.js: 117ms, application-code: 87ms)
 GET /login 200 in 38ms (next.js: 7ms, application-code: 31ms)
✓ Compiled in 77ms
 GET /login 200 in 201ms (next.js: 99ms, application-code: 102ms)
 GET /login 200 in 204ms (next.js: 156ms, application-code: 47ms)
 POST /api/auth/login 200 in 159ms (next.js: 55ms, application-code: 104ms)
 GET /api/auth/me 200 in 92ms (next.js: 47ms, application-code: 45ms)
 POST /api/auth/logout 200 in 47ms (next.js: 32ms, application-code: 15ms)
 GET /api/auth/me 401 in 12ms (next.js: 3ms, application-code: 9ms)
 POST /api/auth/login 401 in 71ms (next.js: 3ms, application-code: 68ms)
✓ Compiled in 91ms
 GET /login 200 in 417ms (next.js: 76ms, application-code: 341ms)
 GET /login 200 in 418ms (next.js: 113ms, application-code: 305ms)
 GET /login 200 in 281ms (next.js: 7ms, application-code: 274ms)
 GET /login 200 in 281ms (next.js: 33ms, application-code: 249ms)
 GET /login 200 in 217ms (next.js: 11ms, application-code: 207ms)
 GET /login 200 in 218ms (next.js: 33ms, application-code: 185ms)
 GET /login 200 in 218ms (next.js: 74ms, application-code: 143ms)
 GET /login 200 in 217ms (next.js: 98ms, application-code: 119ms)
 GET /login 200 in 217ms (next.js: 151ms, application-code: 66ms)
 GET /login 200 in 219ms (next.js: 121ms, application-code: 98ms)
✓ Compiled in 57ms
 GET /login 200 in 422ms (next.js: 86ms, application-code: 336ms)
 GET /login 200 in 423ms (next.js: 134ms, application-code: 289ms)
 GET /login 200 in 264ms (next.js: 6ms, application-code: 258ms)
 GET /login 200 in 264ms (next.js: 29ms, application-code: 236ms)
 GET /login 200 in 200ms (next.js: 10ms, application-code: 190ms)
 GET /login 200 in 201ms (next.js: 33ms, application-code: 167ms)
 GET /login 200 in 201ms (next.js: 61ms, application-code: 140ms)
 GET /login 200 in 200ms (next.js: 87ms, application-code: 113ms)
 GET /login 200 in 200ms (next.js: 144ms, application-code: 55ms)
 GET /login 200 in 201ms (next.js: 112ms, application-code: 89ms)
✓ Compiled in 47ms
 GET /login 200 in 350ms (next.js: 77ms, application-code: 274ms)
 GET /login 200 in 351ms (next.js: 114ms, application-code: 237ms)
 GET /login 200 in 215ms (next.js: 5ms, application-code: 210ms)
 GET /login 200 in 215ms (next.js: 25ms, application-code: 190ms)
 GET /login 200 in 165ms (next.js: 8ms, application-code: 156ms)
 GET /login 200 in 165ms (next.js: 28ms, application-code: 137ms)
 GET /login 200 in 164ms (next.js: 47ms, application-code: 117ms)
 GET /login 200 in 164ms (next.js: 87ms, application-code: 77ms)
 GET /login 200 in 167ms (next.js: 68ms, application-code: 99ms)
 GET /login 200 in 166ms (next.js: 112ms, application-code: 53ms)
 GET / 200 in 274ms (next.js: 56ms, application-code: 218ms)
 GET /wallpaper-marble.jpg 404 in 158ms (next.js: 65ms, application-code: 94ms)
 GET /login 200 in 21ms (next.js: 5ms, application-code: 16ms)
 GET /register 200 in 42ms (next.js: 22ms, application-code: 20ms)
 GET /register/basic-info 200 in 128ms (next.js: 95ms, application-code: 33ms)
✓ Compiled in 80ms
 GET /register/basic-info 200 in 287ms (next.js: 111ms, application-code: 176ms)
 GET /login 200 in 288ms (next.js: 196ms, application-code: 92ms)
 GET /login 200 in 47ms (next.js: 6ms, application-code: 41ms)
✓ Compiled in 59ms
 GET /register/basic-info 200 in 232ms (next.js: 105ms, application-code: 126ms)
 GET /login 200 in 232ms (next.js: 165ms, application-code: 68ms)
 GET /login 200 in 31ms (next.js: 6ms, application-code: 25ms)
 GET /register/basic-info 200 in 206ms (next.js: 6ms, application-code: 200ms)
 GET /register/basic-info 200 in 70ms (next.js: 5ms, application-code: 65ms)
 GET /api/auth/availability?username=babydemo46117947&email=teste.username.1783365003928%40example.com 200 in 86ms (next.js: 54ms, application-code: 33ms)
✓ Compiled in 70ms
 GET /register/basic-info 200 in 247ms (next.js: 107ms, application-code: 140ms)
 GET /login 200 in 249ms (next.js: 167ms, application-code: 82ms)
 GET /login 200 in 52ms (next.js: 8ms, application-code: 44ms)
✓ Compiled in 68ms
 GET /register/basic-info 200 in 265ms (next.js: 132ms, application-code: 133ms)
 GET /login 200 in 265ms (next.js: 197ms, application-code: 67ms)
 GET /login 200 in 35ms (next.js: 6ms, application-code: 29ms)
 GET /api/auth/availability?username=newuser1783365030348&email=newuser1783365030487%40example.com 200 in 68ms (next.js: 40ms, application-code: 29ms)
✓ Compiled in 48ms
 GET /register/basic-info 200 in 230ms (next.js: 104ms, application-code: 126ms)
 GET /login 200 in 232ms (next.js: 168ms, application-code: 64ms)
 GET /login 200 in 33ms (next.js: 6ms, application-code: 27ms)
✓ Compiled in 58ms
 GET /register/basic-info 200 in 234ms (next.js: 111ms, application-code: 122ms)
 GET /login 200 in 235ms (next.js: 172ms, application-code: 63ms)
 GET /login 200 in 37ms (next.js: 5ms, application-code: 32ms)
✓ Compiled in 51ms
 GET /login 200 in 295ms (next.js: 213ms, application-code: 82ms)
 GET /register/basic-info 200 in 299ms (next.js: 144ms, application-code: 155ms)
 GET /login 200 in 44ms (next.js: 8ms, application-code: 36ms)
✓ Compiled in 63ms
 GET /login 200 in 243ms (next.js: 175ms, application-code: 68ms)
 GET /register/basic-info 200 in 245ms (next.js: 125ms, application-code: 121ms)
 GET /login 200 in 35ms (next.js: 6ms, application-code: 29ms)
 GET /api/auth/availability?username=haramoni&email=newuser1783365030487%40example.com 200 in 58ms (next.js: 38ms, application-code: 20ms)
